Nothing to build in platform '136T-2200-113050-001-F11-02'

16:17:21 **** Incremental Build of configuration Debug for project can_holt ****
make all 
'Building file: ../src/main.c'
'Invoking: ARM R5 gcc compiler'
armr5-none-eabi-gcc -DARMR5 -Wall -O0 -g3 -IC:/Users/SripadKulkarni/workspace/FC-200-CAN-HOLT/136T-2200-113050-001-F11-02/export/136T-2200-113050-001-F11-02/sw/136T-2200-113050-001-F11-02/standalone_domain/bspinclude/include -I"C:\Users\SripadKulkarni\workspace\FC-200-CAN-HOLT\can_holt\src" -I"C:\Users\SripadKulkarni\workspace\FC-200-CAN-HOLT\can_holt\bsp" -c -fmessage-length=0 -MT"src/main.o" -mcpu=cortex-r5 -mfloat-abi=hard  -mfpu=vfpv3-d16 -MMD -MP -MF"src/main.d" -MT"src/main.o" -o "src/main.o" "../src/main.c"
'Finished building: ../src/main.c'
' '
'Building target: can_holt.elf'
'Invoking: ARM R5 gcc linker'
armr5-none-eabi-gcc -mcpu=cortex-r5 -mfloat-abi=hard -mfpu=vfpv3-d16 -Wl,-T -Wl,../src/lscript.ld -LC:/Users/SripadKulkarni/workspace/FC-200-CAN-HOLT/136T-2200-113050-001-F11-02/export/136T-2200-113050-001-F11-02/sw/136T-2200-113050-001-F11-02/standalone_domain/bsplib/lib -o "can_holt.elf"  ./src/config/can_cfg.o ./src/config/memory_cfg.o  ./src/ETAS_global.o ./src/main.o ./src/uart.o  ./bsp/sru/watchdog/d_watchdog.o ./bsp/sru/watchdog/watchdog_cfg.o  ./bsp/sru/temperature/d_temperature.o ./bsp/sru/temperature/temperature_cfg.o  ./bsp/sru/spi_pl/d_spi_pl.o ./bsp/sru/spi_pl/spi_pl_cfg.o  ./bsp/sru/sbus/d_sbus.o ./bsp/sru/sbus/sbus_cfg.o  ./bsp/sru/qspiFlash/d_qspiFlash.o  ./bsp/sru/pwm/d_pwm.o ./bsp/sru/pwm/pwm_cfg.o  ./bsp/sru/mmc/d_mmc_interface.o  ./bsp/sru/metadata/d_metadata.o ./bsp/sru/metadata/metadata_cfg.o  ./bsp/sru/ioc_eeprom/d_ioc_eeprom.o ./bsp/sru/ioc_eeprom/ioc_eeprom_cfg.o  ./bsp/sru/flash_mac/d_flash_mac.o ./bsp/sru/flash_mac/flash_mac_cfg.o  ./bsp/sru/fcu/d_fcu.o ./bsp/sru/fcu/fcu_cfg.o  ./bsp/sru/ethernet/d_eth_interface.o ./bsp/sru/ethernet/xemacpsif_physpeed.o ./bsp/sru/ethernet/xpqueue.o  ./bsp/sru/ds1682/d_ds1682.o ./bsp/sru/ds1682/ds1682_cfg.o  ./bsp/sru/discrete_pl/d_discrete_pl.o ./bsp/sru/discrete_pl/discrete_pl_cfg.o  ./bsp/sru/coverage/d_coverage.o  ./bsp/sru/counter/counter_cfg.o ./bsp/sru/counter/d_counter.o  ./bsp/sru/can_holt/can_holt_cfg.o ./bsp/sru/can_holt/d_can_holt.o  ./bsp/sru/analogue_pl/analogue_pl_cfg.o ./bsp/sru/analogue_pl/d_analogue_pl.o  ./bsp/soc/uart/d_uart.o ./bsp/soc/uart/d_uart_pl.o ./bsp/soc/uart/d_uart_ps.o ./bsp/soc/uart/uart_pl_cfg.o ./bsp/soc/uart/uart_ps_cfg.o  ./bsp/soc/timer/d_timer.o ./bsp/soc/timer/d_timer_counter.o  ./bsp/soc/spi/d_spi.o ./bsp/soc/spi/spi_cfg.o  ./bsp/soc/sata/d_sata.o ./bsp/soc/sata/d_sata_encryption.o ./bsp/soc/sata/d_sata_ops.o  ./bsp/soc/memory_manager/d_memory.o ./bsp/soc/memory_manager/d_memory_cache.o ./bsp/soc/memory_manager/memory_cfg.o  ./bsp/soc/interrupt_manager/d_int_irq_handler.o ./bsp/soc/interrupt_manager/d_int_irq_split.o ./bsp/soc/interrupt_manager/d_int_vector.o ./bsp/soc/interrupt_manager/int_irq_split_cfg.o ./bsp/soc/interrupt_manager/irq_table_cfg.o  ./bsp/soc/dma/d_dma.o ./bsp/soc/dma/dma_cfg.o  ./bsp/soc/discrete/d_discrete.o ./bsp/soc/discrete/discrete_cfg.o  ./bsp/soc/defines/d_common_status.o  ./bsp/soc/cstart/d_boot.o ./bsp/soc/cstart/d_cstart.o  ./bsp/soc/can/can_cfg.o ./bsp/soc/can/d_can.o  ./bsp/soc/bit/d_bit.o  ./bsp/soc/apu_manager/d_apu.o  ./bsp/soc/analogue/d_analogue.o  ./bsp/kernel/shared_memory/d_smi.o ./bsp/kernel/shared_memory/d_smi_eth.o  ./bsp/kernel/sha/d_sha256.o  ./bsp/kernel/scheduler/d_sched_loading.o ./bsp/kernel/scheduler/d_sched_scheduler.o ./bsp/kernel/scheduler/loading_cfg.o ./bsp/kernel/scheduler/scheduler_cfg.o  ./bsp/kernel/ram/d_ram.o ./bsp/kernel/ram/d_ram_bit.o ./bsp/kernel/ram/d_ram_code_crc.o ./bsp/kernel/ram/d_ram_stack.o ./bsp/kernel/ram/ram_cfg.o  ./bsp/kernel/process_monitor/d_pmon.o  ./bsp/kernel/general/d_gen_memory.o ./bsp/kernel/general/d_gen_register.o ./bsp/kernel/general/d_gen_string.o  ./bsp/kernel/file_handler/d_file.o  ./bsp/kernel/fat_fs/d_diskio.o ./bsp/kernel/fat_fs/d_ff.o ./bsp/kernel/fat_fs/d_ffsystem.o ./bsp/kernel/fat_fs/d_ffunicode.o  ./bsp/kernel/event_logger/d_event_logger.o ./bsp/kernel/event_logger/d_event_logger_critical.o ./bsp/kernel/event_logger/d_event_logger_mmc.o ./bsp/kernel/event_logger/d_event_logger_mmc_event.o ./bsp/kernel/event_logger/event_logger_cfg.o  ./bsp/kernel/error_handler/d_error_exception.o ./bsp/kernel/error_handler/d_error_handler.o ./bsp/kernel/error_handler/error_handler_cfg.o  ./bsp/kernel/date_time/d_date_time.o  ./bsp/kernel/crc32/d_crc32.o  ./bsp/kernel/buffer/buffer_cfg.o ./bsp/kernel/buffer/d_buffer.o  ./bsp/driver/imu_iim20670/d_imu_iim20670.o ./bsp/driver/imu_iim20670/imu_iim20670_cfg.o  ./bsp/driver/imu_adis16505/d_imu_adis16505.o ./bsp/driver/imu_adis16505/imu_adis16505_cfg.o  ./bsp/driver/gnss/d_gnss_ublox.o ./bsp/driver/gnss/gnss_ublox_cfg.o  ./bsp/driver/bme280/bme280_cfg.o ./bsp/driver/bme280/d_bme280.o  ./bsp/driver/auav/auav_cfg.o ./bsp/driver/auav/d_auav.o   -Wl,--start-group,-lxil,-lgcc,-lc,--end-group -Wl,--start-group,-lxil,-llwip4,-lgcc,-lc,--end-group
'Finished building target: can_holt.elf'
' '
'Invoking: ARM R5 Print Size'
armr5-none-eabi-size can_holt.elf  |tee "can_holt.elf.size"
   text	   data	    bss	    dec	    hex	filename
 398024	   6184	39868448	40272656	2668310	can_holt.elf
'Finished building: can_holt.elf.size'
' '
16:20:23 **** Clean-only build of project 136T-2200-113050-001-F11-02 ****
buildplatform.bat 51954 136T-2200-113050-001-F11-02 clean 
xsct% XSDB Server Channel: tcfchan#38
Cleaning the zynqmp_fsbl application.
rm -rf  xfsbl_partition_load.o  xfsbl_qspi.o  xfsbl_csu_dma.o  xfsbl_nand.o  xfsbl_image_header.o  xfsbl_hooks.o  xfsbl_main.o 
 xfsbl_dfu_util.o  xfsbl_initialization.o  xfsbl_ddr_init.o  xfsbl_handoff.o  psu_init.o  xfsbl_sd.o  xfsbl_board.o  xfsbl_misc
_drivers.o  xfsbl_bs.o  xfsbl_rsa_sha.o  xfsbl_plpartition_valid.o  xfsbl_usb.o  xfsbl_misc.o  xfsbl_authentication.o  xfsbl_ex
it.o zynqmp_fsbl_bsp/psu_cortexr5_0/lib/libxil.a fsbl_r5.elf *.o

Cleaning the zynqmp_fsbl application, bsp
make -C psu_cortexr5_0/libsrc/axipmon_v6_9/src -s clean 

make -C psu_cortexr5_0/libsrc/canps_v3_5/src -s clean 

make -C psu_cortexr5_0/libsrc/clockps_v1_3/src -s clean 

make -C psu_cortexr5_0/libsrc/coresightps_dcc_v1_8/src -s clean 

make -C psu_cortexr5_0/libsrc/cpu_cortexr5_v1_8/src -s clean 

make -C psu_cortexr5_0/libsrc/csudma_v1_7/src -s clean 

make -C psu_cortexr5_0/libsrc/ddrcpsu_v1_3/src -s clean 

make -C psu_cortexr5_0/libsrc/emacps_v3_12/src -s clean 

make -C psu_cortexr5_0/libsrc/gpiops_v3_8/src -s clean 

make -C psu_cortexr5_0/libsrc/ipipsu_v2_7/src -s clean 

make -C psu_cortexr5_0/libsrc/qspipsu_v1_12/src -s clean 

make -C psu_cortexr5_0/libsrc/resetps_v1_4/src -s clean 

make -C psu_cortexr5_0/libsrc/rtcpsu_v1_10/src -s clean 

make -C psu_cortexr5_0/libsrc/scugic_v4_3/src -s clean 

make -C psu_cortexr5_0/libsrc/sdps_v3_10/src -s clean 

make -C psu_cortexr5_0/libsrc/spips_v3_5/src -s clean 

make -C psu_cortexr5_0/libsrc/standalone_v7_3/src -s clean 

make -C psu_cortexr5_0/libsrc/sysmonpsu_v2_7/src -s clean 

make -C psu_cortexr5_0/libsrc/ttcps_v3_12/src -s clean 

make -C psu_cortexr5_0/libsrc/uartns550_v3_7/src -s clean 

make -C psu_cortexr5_0/libsrc/uartps_v3_10/src -s clean 

make -C psu_cortexr5_0/libsrc/wdtps_v3_4/src -s clean 

make -C psu_cortexr5_0/libsrc/xilffs_v4_4/src -s clean 

make -C psu_cortexr5_0/libsrc/xilpm_v3_2/src -s clean 

make -C psu_cortexr5_0/libsrc/xilsecure_v4_3/src -s clean 

make -C psu_cortexr5_0/libsrc/zdma_v1_10/src -s clean 

rm -f psu_cortexr5_0/lib/libxil.a

Cleaning the zynqmp_pmufw application.
rm -rf  xpfw_mod_legacy.o  xpfw_mod_em.o  xpfw_main.o  pm_power.o  xpfw_mod_rpu.o  pm_gpp.o  pm_pll.o  pm_periph.o  idle_hooks.
o  xpfw_core.o  pm_clock.o  pm_extern.o  xpfw_mod_stl.o  pm_callbacks.o  pm_csudma.o  pm_node_reset.o  xpfw_rom_interface.o  xp
fw_mod_rtc.o  xpfw_mod_sched.o  xpfw_util.o  xpfw_resets.o  xpfw_mod_pm.o  pm_slave.o  pm_binding.o  pm_qspi.o  xpfw_xpu.o  pm_
config.o  pm_core.o  pm_requirement.o  pm_notifier.o  xpfw_module.o  xpfw_restart.o  xpfw_error_manager.o  pm_master.o  xpfw_ip
i_manager.o  pm_usb.o  xpfw_mod_common.o  pm_reset.o  pm_node.o  xpfw_platform.o  xpfw_mod_dap.o  xpfw_crc.o  pm_proc.o  xpfw_m
od_wdt.o  xpfw_user_startup.o  pm_sram.o  pm_ddr.o  pm_pinctrl.o  xpfw_events.o  xpfw_aib.o  pm_gic_proxy.o  xpfw_scheduler.o  
pm_system.o  xpfw_mod_ultra96.o  pm_mmio_access.o  pm_hooks.o  xpfw_interrupts.o  xpfw_start.o zynqmp_pmufw_bsp/psu_pmu_0/lib/l
ibxil.a pmufw.elf *.o

Cleaning the zynqmp_pmufw application, bsp
make -C psu_pmu_0/libsrc/axipmon_v6_9/src -s clean 

make -C psu_pmu_0/libsrc/canps_v3_5/src -s clean 

make -C psu_pmu_0/libsrc/clockps_v1_3/src -s clean 

make -C psu_pmu_0/libsrc/cpu_v2_12/src -s clean 

make -C psu_pmu_0/libsrc/csudma_v1_7/src -s clean 

make -C psu_pmu_0/libsrc/ddrcpsu_v1_3/src -s clean 

make -C psu_pmu_0/libsrc/emacps_v3_12/src -s clean 

make -C psu_pmu_0/libsrc/gpiops_v3_8/src -s clean 

make -C psu_pmu_0/libsrc/ipipsu_v2_7/src -s clean 

make -C psu_pmu_0/libsrc/qspipsu_v1_12/src -s clean 

make -C psu_pmu_0/libsrc/resetps_v1_4/src -s clean 

make -C psu_pmu_0/libsrc/rtcpsu_v1_10/src -s clean 

make -C psu_pmu_0/libsrc/sdps_v3_10/src -s clean 

make -C psu_pmu_0/libsrc/spips_v3_5/src -s clean 

make -C psu_pmu_0/libsrc/standalone_v7_3/src -s clean 

make -C psu_pmu_0/libsrc/sysmonpsu_v2_7/src -s clean 

make -C psu_pmu_0/libsrc/ttcps_v3_12/src -s clean 

make -C psu_pmu_0/libsrc/uartns550_v3_7/src -s clean 

make -C psu_pmu_0/libsrc/uartps_v3_10/src -s clean 

make -C psu_pmu_0/libsrc/wdtps_v3_4/src -s clean 

make -C psu_pmu_0/libsrc/xilfpga_v5_3/src -s clean 

make -C psu_pmu_0/libsrc/xilsecure_v4_3/src -s clean 

make -C psu_pmu_0/libsrc/xilskey_v7_0/src -s clean 

make -C psu_pmu_0/libsrc/zdma_v1_10/src -s clean 

rm -f psu_pmu_0/lib/libxil.a

Cleaning the BSP for domain  - standalone_domain
make -C psu_cortexr5_0/libsrc/axipmon_v6_9/src -s clean 

make -C psu_cortexr5_0/libsrc/canps_v3_5/src -s clean 

make -C psu_cortexr5_0/libsrc/clockps_v1_3/src -s clean 

make -C psu_cortexr5_0/libsrc/coresightps_dcc_v1_8/src -s clean 

make -C psu_cortexr5_0/libsrc/cpu_cortexr5_v1_8/src -s clean 

make -C psu_cortexr5_0/libsrc/csudma_v1_7/src -s clean 

make -C psu_cortexr5_0/libsrc/ddrcpsu_v1_3/src -s clean 

make -C psu_cortexr5_0/libsrc/emacps_v3_12/src -s clean 

make -C psu_cortexr5_0/libsrc/gpiops_v3_8/src -s clean 

make -C psu_cortexr5_0/libsrc/ipipsu_v2_7/src -s clean 

make -C psu_cortexr5_0/libsrc/lwip211_v1_3/src -s clean 

make -C psu_cortexr5_0/libsrc/qspipsu_v1_12/src -s clean 

make -C psu_cortexr5_0/libsrc/resetps_v1_4/src -s clean 

make -C psu_cortexr5_0/libsrc/rtcpsu_v1_10/src -s clean 

make -C psu_cortexr5_0/libsrc/scugic_v4_3/src -s clean 

make -C psu_cortexr5_0/libsrc/sdps_v3_10/src -s clean 

make -C psu_cortexr5_0/libsrc/spips_v3_5/src -s clean 

make -C psu_cortexr5_0/libsrc/standalone_v7_3/src -s clean 

make -C psu_cortexr5_0/libsrc/sysmonpsu_v2_7/src -s clean 

make -C psu_cortexr5_0/libsrc/ttcps_v3_12/src -s clean 

make -C psu_cortexr5_0/libsrc/uartns550_v3_7/src -s clean 

make -C psu_cortexr5_0/libsrc/uartps_v3_10/src -s clean 

make -C psu_cortexr5_0/libsrc/wdtps_v3_4/src -s clean 

make -C psu_cortexr5_0/libsrc/zdma_v1_10/src -s clean 

rm -f psu_cortexr5_0/lib/libxil.a

16:20:48 **** Clean-only build of configuration Debug for project can_holt ****
make clean 
rm -rf  ./src/config/can_cfg.o ./src/config/memory_cfg.o  ./src/ETAS_global.o ./src/main.o ./src/uart.o  ./bsp/sru/watchdog/d_watchdog.o ./bsp/sru/watchdog/watchdog_cfg.o  ./bsp/sru/temperature/d_temperature.o ./bsp/sru/temperature/temperature_cfg.o  ./bsp/sru/spi_pl/d_spi_pl.o ./bsp/sru/spi_pl/spi_pl_cfg.o  ./bsp/sru/sbus/d_sbus.o ./bsp/sru/sbus/sbus_cfg.o  ./bsp/sru/qspiFlash/d_qspiFlash.o  ./bsp/sru/pwm/d_pwm.o ./bsp/sru/pwm/pwm_cfg.o  ./bsp/sru/mmc/d_mmc_interface.o  ./bsp/sru/metadata/d_metadata.o ./bsp/sru/metadata/metadata_cfg.o  ./bsp/sru/ioc_eeprom/d_ioc_eeprom.o ./bsp/sru/ioc_eeprom/ioc_eeprom_cfg.o  ./bsp/sru/flash_mac/d_flash_mac.o ./bsp/sru/flash_mac/flash_mac_cfg.o  ./bsp/sru/fcu/d_fcu.o ./bsp/sru/fcu/fcu_cfg.o  ./bsp/sru/ethernet/d_eth_interface.o ./bsp/sru/ethernet/xemacpsif_physpeed.o ./bsp/sru/ethernet/xpqueue.o  ./bsp/sru/ds1682/d_ds1682.o ./bsp/sru/ds1682/ds1682_cfg.o  ./bsp/sru/discrete_pl/d_discrete_pl.o ./bsp/sru/discrete_pl/discrete_pl_cfg.o  ./bsp/sru/coverage/d_coverage.o  ./bsp/sru/counter/counter_cfg.o ./bsp/sru/counter/d_counter.o  ./bsp/sru/can_holt/can_holt_cfg.o ./bsp/sru/can_holt/d_can_holt.o  ./bsp/sru/analogue_pl/analogue_pl_cfg.o ./bsp/sru/analogue_pl/d_analogue_pl.o  ./bsp/soc/uart/d_uart.o ./bsp/soc/uart/d_uart_pl.o ./bsp/soc/uart/d_uart_ps.o ./bsp/soc/uart/uart_pl_cfg.o ./bsp/soc/uart/uart_ps_cfg.o  ./bsp/soc/timer/d_timer.o ./bsp/soc/timer/d_timer_counter.o  ./bsp/soc/spi/d_spi.o ./bsp/soc/spi/spi_cfg.o  ./bsp/soc/sata/d_sata.o ./bsp/soc/sata/d_sata_encryption.o ./bsp/soc/sata/d_sata_ops.o  ./bsp/soc/memory_manager/d_memory.o ./bsp/soc/memory_manager/d_memory_cache.o ./bsp/soc/memory_manager/memory_cfg.o  ./bsp/soc/interrupt_manager/d_int_irq_handler.o ./bsp/soc/interrupt_manager/d_int_irq_split.o ./bsp/soc/interrupt_manager/d_int_vector.o ./bsp/soc/interrupt_manager/int_irq_split_cfg.o ./bsp/soc/interrupt_manager/irq_table_cfg.o  ./bsp/soc/dma/d_dma.o ./bsp/soc/dma/dma_cfg.o  ./bsp/soc/discrete/d_discrete.o ./bsp/soc/discrete/discrete_cfg.o  ./bsp/soc/defines/d_common_status.o  ./bsp/soc/cstart/d_boot.o ./bsp/soc/cstart/d_cstart.o  ./bsp/soc/can/can_cfg.o ./bsp/soc/can/d_can.o  ./bsp/soc/bit/d_bit.o  ./bsp/soc/apu_manager/d_apu.o  ./bsp/soc/analogue/d_analogue.o  ./bsp/kernel/shared_memory/d_smi.o ./bsp/kernel/shared_memory/d_smi_eth.o  ./bsp/kernel/sha/d_sha256.o  ./bsp/kernel/scheduler/d_sched_loading.o ./bsp/kernel/scheduler/d_sched_scheduler.o ./bsp/kernel/scheduler/loading_cfg.o ./bsp/kernel/scheduler/scheduler_cfg.o  ./bsp/kernel/ram/d_ram.o ./bsp/kernel/ram/d_ram_bit.o ./bsp/kernel/ram/d_ram_code_crc.o ./bsp/kernel/ram/d_ram_stack.o ./bsp/kernel/ram/ram_cfg.o  ./bsp/kernel/process_monitor/d_pmon.o  ./bsp/kernel/general/d_gen_memory.o ./bsp/kernel/general/d_gen_register.o ./bsp/kernel/general/d_gen_string.o  ./bsp/kernel/file_handler/d_file.o  ./bsp/kernel/fat_fs/d_diskio.o ./bsp/kernel/fat_fs/d_ff.o ./bsp/kernel/fat_fs/d_ffsystem.o ./bsp/kernel/fat_fs/d_ffunicode.o  ./bsp/kernel/event_logger/d_event_logger.o ./bsp/kernel/event_logger/d_event_logger_critical.o ./bsp/kernel/event_logger/d_event_logger_mmc.o ./bsp/kernel/event_logger/d_event_logger_mmc_event.o ./bsp/kernel/event_logger/event_logger_cfg.o  ./bsp/kernel/error_handler/d_error_exception.o ./bsp/kernel/error_handler/d_error_handler.o ./bsp/kernel/error_handler/error_handler_cfg.o  ./bsp/kernel/date_time/d_date_time.o  ./bsp/kernel/crc32/d_crc32.o  ./bsp/kernel/buffer/buffer_cfg.o ./bsp/kernel/buffer/d_buffer.o  ./bsp/driver/imu_iim20670/d_imu_iim20670.o ./bsp/driver/imu_iim20670/imu_iim20670_cfg.o  ./bsp/driver/imu_adis16505/d_imu_adis16505.o ./bsp/driver/imu_adis16505/imu_adis16505_cfg.o  ./bsp/driver/gnss/d_gnss_ublox.o ./bsp/driver/gnss/gnss_ublox_cfg.o  ./bsp/driver/bme280/bme280_cfg.o ./bsp/driver/bme280/d_bme280.o  ./bsp/driver/auav/auav_cfg.o ./bsp/driver/auav/d_auav.o  ./bsp/soc/interrupt_manager/d_int_vector.d  ./src/config/can_cfg.d ./src/config/memory_cfg.d  ./src/ETAS_global.d ./src/main.d ./src/uart.d  ./bsp/sru/watchdog/d_watchdog.d ./bsp/sru/watchdog/watchdog_cfg.d  ./bsp/sru/temperature/d_temperature.d ./bsp/sru/temperature/temperature_cfg.d  ./bsp/sru/spi_pl/d_spi_pl.d ./bsp/sru/spi_pl/spi_pl_cfg.d  ./bsp/sru/sbus/d_sbus.d ./bsp/sru/sbus/sbus_cfg.d  ./bsp/sru/qspiFlash/d_qspiFlash.d  ./bsp/sru/pwm/d_pwm.d ./bsp/sru/pwm/pwm_cfg.d  ./bsp/sru/mmc/d_mmc_interface.d  ./bsp/sru/metadata/d_metadata.d ./bsp/sru/metadata/metadata_cfg.d  ./bsp/sru/ioc_eeprom/d_ioc_eeprom.d ./bsp/sru/ioc_eeprom/ioc_eeprom_cfg.d  ./bsp/sru/flash_mac/d_flash_mac.d ./bsp/sru/flash_mac/flash_mac_cfg.d  ./bsp/sru/fcu/d_fcu.d ./bsp/sru/fcu/fcu_cfg.d  ./bsp/sru/ethernet/d_eth_interface.d ./bsp/sru/ethernet/xemacpsif_physpeed.d ./bsp/sru/ethernet/xpqueue.d  ./bsp/sru/ds1682/d_ds1682.d ./bsp/sru/ds1682/ds1682_cfg.d  ./bsp/sru/discrete_pl/d_discrete_pl.d ./bsp/sru/discrete_pl/discrete_pl_cfg.d  ./bsp/sru/coverage/d_coverage.d  ./bsp/sru/counter/counter_cfg.d ./bsp/sru/counter/d_counter.d  ./bsp/sru/can_holt/can_holt_cfg.d ./bsp/sru/can_holt/d_can_holt.d  ./bsp/sru/analogue_pl/analogue_pl_cfg.d ./bsp/sru/analogue_pl/d_analogue_pl.d  ./bsp/soc/uart/d_uart.d ./bsp/soc/uart/d_uart_pl.d ./bsp/soc/uart/d_uart_ps.d ./bsp/soc/uart/uart_pl_cfg.d ./bsp/soc/uart/uart_ps_cfg.d  ./bsp/soc/timer/d_timer.d ./bsp/soc/timer/d_timer_counter.d  ./bsp/soc/spi/d_spi.d ./bsp/soc/spi/spi_cfg.d  ./bsp/soc/sata/d_sata.d ./bsp/soc/sata/d_sata_encryption.d ./bsp/soc/sata/d_sata_ops.d  ./bsp/soc/memory_manager/d_memory.d ./bsp/soc/memory_manager/d_memory_cache.d ./bsp/soc/memory_manager/memory_cfg.d  ./bsp/soc/interrupt_manager/d_int_irq_handler.d ./bsp/soc/interrupt_manager/d_int_irq_split.d ./bsp/soc/interrupt_manager/int_irq_split_cfg.d ./bsp/soc/interrupt_manager/irq_table_cfg.d  ./bsp/soc/dma/d_dma.d ./bsp/soc/dma/dma_cfg.d  ./bsp/soc/discrete/d_discrete.d ./bsp/soc/discrete/discrete_cfg.d  ./bsp/soc/defines/d_common_status.d  ./bsp/soc/can/can_cfg.d ./bsp/soc/can/d_can.d  ./bsp/soc/bit/d_bit.d  ./bsp/soc/apu_manager/d_apu.d  ./bsp/soc/analogue/d_analogue.d  ./bsp/kernel/shared_memory/d_smi.d ./bsp/kernel/shared_memory/d_smi_eth.d  ./bsp/kernel/sha/d_sha256.d  ./bsp/kernel/scheduler/d_sched_loading.d ./bsp/kernel/scheduler/d_sched_scheduler.d ./bsp/kernel/scheduler/loading_cfg.d ./bsp/kernel/scheduler/scheduler_cfg.d  ./bsp/kernel/ram/d_ram.d ./bsp/kernel/ram/d_ram_bit.d ./bsp/kernel/ram/d_ram_code_crc.d ./bsp/kernel/ram/d_ram_stack.d ./bsp/kernel/ram/ram_cfg.d  ./bsp/kernel/process_monitor/d_pmon.d  ./bsp/kernel/general/d_gen_memory.d ./bsp/kernel/general/d_gen_register.d ./bsp/kernel/general/d_gen_string.d  ./bsp/kernel/file_handler/d_file.d  ./bsp/kernel/fat_fs/d_diskio.d ./bsp/kernel/fat_fs/d_ff.d ./bsp/kernel/fat_fs/d_ffsystem.d ./bsp/kernel/fat_fs/d_ffunicode.d  ./bsp/kernel/event_logger/d_event_logger.d ./bsp/kernel/event_logger/d_event_logger_critical.d ./bsp/kernel/event_logger/d_event_logger_mmc.d ./bsp/kernel/event_logger/d_event_logger_mmc_event.d ./bsp/kernel/event_logger/event_logger_cfg.d  ./bsp/kernel/error_handler/d_error_exception.d ./bsp/kernel/error_handler/d_error_handler.d ./bsp/kernel/error_handler/error_handler_cfg.d  ./bsp/kernel/date_time/d_date_time.d  ./bsp/kernel/crc32/d_crc32.d  ./bsp/kernel/buffer/buffer_cfg.d ./bsp/kernel/buffer/d_buffer.d  ./bsp/driver/imu_iim20670/d_imu_iim20670.d ./bsp/driver/imu_iim20670/imu_iim20670_cfg.d  ./bsp/driver/imu_adis16505/d_imu_adis16505.d ./bsp/driver/imu_adis16505/imu_adis16505_cfg.d  ./bsp/driver/gnss/d_gnss_ublox.d ./bsp/driver/gnss/gnss_ublox_cfg.d  ./bsp/driver/bme280/bme280_cfg.d ./bsp/driver/bme280/d_bme280.d  ./bsp/driver/auav/auav_cfg.d ./bsp/driver/auav/d_auav.d  can_holt.elf.size  can_holt.elf
' '
16:20:49 **** Clean-only build of configuration Debug for project can_holt_system ****
make clean 
rm -rf ./_sds
rm -rf package
rm -f system.bif
