Nothing to build in platform '136T-2200-113050-001-F11-02'

10:41:01 **** Incremental Build of configuration Debug for project can_holt ****
make all 
'Building file: ../src/main.c'
'Invoking: ARM R5 gcc compiler'
armr5-none-eabi-gcc -DARMR5 -Wall -O0 -g3 -IC:/Users/SripadKulkarni/workspace/FC-200-CAN-HOLT/136T-2200-113050-001-F11-02/export/136T-2200-113050-001-F11-02/sw/136T-2200-113050-001-F11-02/standalone_domain/bspinclude/include -I"C:\Users\SripadKulkarni\workspace\FC-200-CAN-HOLT\can_holt\src" -I"C:\Users\SripadKulkarni\workspace\FC-200-CAN-HOLT\can_holt\bsp" -c -fmessage-length=0 -MT"src/main.o" -mcpu=cortex-r5 -mfloat-abi=hard  -mfpu=vfpv3-d16 -MMD -MP -MF"src/main.d" -MT"src/main.o" -o "src/main.o" "../src/main.c"
../src/main.c: In function 'CAN_ReadHoltMsg':
../src/main.c:225:62: warning: passing argument 2 of 'd_CAN_HOLT_ReceiveMessage' from incompatible pointer type [-Wincompatible-pointer-types]
  225 |         receiveSuccess = d_CAN_HOLT_ReceiveMessage(canIndex, &inMsg);
      |                                                              ^~~~~~
      |                                                              |
      |                                                              d_CAN_Message_t * {aka struct <anonymous> *}
In file included from ../src/main.c:7:
C:\Users\SripadKulkarni\workspace\FC-200-CAN-HOLT\can_holt\bsp/sru/can_holt/d_can_holt.h:158:91: note: expected 'd_CAN_HOLT_Message_t * const' {aka 'struct <anonymous> * const'} but argument is of type 'd_CAN_Message_t *' {aka 'struct <anonymous> *'}
  158 | d_Status_t d_CAN_HOLT_ReceiveMessage(const Uint32_t channel, d_CAN_HOLT_Message_t * const pMessage);
      |                                                              ~~~~~~~~~~~~~~~~~~~~~~~~~~~~~^~~~~~~~
'Finished building: ../src/main.c'
' '
'Building target: can_holt.elf'
'Invoking: ARM R5 gcc linker'
armr5-none-eabi-gcc -mcpu=cortex-r5 -mfloat-abi=hard -mfpu=vfpv3-d16 -Wl,-T -Wl,../src/lscript.ld -LC:/Users/SripadKulkarni/workspace/FC-200-CAN-HOLT/136T-2200-113050-001-F11-02/export/136T-2200-113050-001-F11-02/sw/136T-2200-113050-001-F11-02/standalone_domain/bsplib/lib -o "can_holt.elf"  ./src/config/can_cfg.o ./src/config/memory_cfg.o  ./src/ETAS_global.o ./src/main.o ./src/uart.o  ./bsp/sru/watchdog/d_watchdog.o ./bsp/sru/watchdog/watchdog_cfg.o  ./bsp/sru/temperature/d_temperature.o ./bsp/sru/temperature/temperature_cfg.o  ./bsp/sru/spi_pl/d_spi_pl.o ./bsp/sru/spi_pl/spi_pl_cfg.o  ./bsp/sru/sbus/d_sbus.o ./bsp/sru/sbus/sbus_cfg.o  ./bsp/sru/qspiFlash/d_qspiFlash.o  ./bsp/sru/pwm/d_pwm.o ./bsp/sru/pwm/pwm_cfg.o  ./bsp/sru/mmc/d_mmc_interface.o  ./bsp/sru/metadata/d_metadata.o ./bsp/sru/metadata/metadata_cfg.o  ./bsp/sru/ioc_eeprom/d_ioc_eeprom.o ./bsp/sru/ioc_eeprom/ioc_eeprom_cfg.o  ./bsp/sru/flash_mac/d_flash_mac.o ./bsp/sru/flash_mac/flash_mac_cfg.o  ./bsp/sru/fcu/d_fcu.o ./bsp/sru/fcu/fcu_cfg.o  ./bsp/sru/ethernet/d_eth_interface.o ./bsp/sru/ethernet/xemacpsif_physpeed.o ./bsp/sru/ethernet/xpqueue.o  ./bsp/sru/ds1682/d_ds1682.o ./bsp/sru/ds1682/ds1682_cfg.o  ./bsp/sru/discrete_pl/d_discrete_pl.o ./bsp/sru/discrete_pl/discrete_pl_cfg.o  ./bsp/sru/coverage/d_coverage.o  ./bsp/sru/counter/counter_cfg.o ./bsp/sru/counter/d_counter.o  ./bsp/sru/can_holt/can_holt_cfg.o ./bsp/sru/can_holt/d_can_holt.o  ./bsp/sru/analogue_pl/analogue_pl_cfg.o ./bsp/sru/analogue_pl/d_analogue_pl.o  ./bsp/soc/uart/d_uart.o ./bsp/soc/uart/d_uart_pl.o ./bsp/soc/uart/d_uart_ps.o ./bsp/soc/uart/uart_pl_cfg.o ./bsp/soc/uart/uart_ps_cfg.o  ./bsp/soc/timer/d_timer.o ./bsp/soc/timer/d_timer_counter.o  ./bsp/soc/spi/d_spi.o ./bsp/soc/spi/spi_cfg.o  ./bsp/soc/sata/d_sata.o ./bsp/soc/sata/d_sata_encryption.o ./bsp/soc/sata/d_sata_ops.o  ./bsp/soc/memory_manager/d_memory.o ./bsp/soc/memory_manager/d_memory_cache.o ./bsp/soc/memory_manager/memory_cfg.o  ./bsp/soc/interrupt_manager/d_int_irq_handler.o ./bsp/soc/interrupt_manager/d_int_irq_split.o ./bsp/soc/interrupt_manager/d_int_vector.o ./bsp/soc/interrupt_manager/int_irq_split_cfg.o ./bsp/soc/interrupt_manager/irq_table_cfg.o  ./bsp/soc/dma/d_dma.o ./bsp/soc/dma/dma_cfg.o  ./bsp/soc/discrete/d_discrete.o ./bsp/soc/discrete/discrete_cfg.o  ./bsp/soc/defines/d_common_status.o  ./bsp/soc/cstart/d_boot.o ./bsp/soc/cstart/d_cstart.o  ./bsp/soc/can/can_cfg.o ./bsp/soc/can/d_can.o  ./bsp/soc/bit/d_bit.o  ./bsp/soc/apu_manager/d_apu.o  ./bsp/soc/analogue/d_analogue.o  ./bsp/kernel/shared_memory/d_smi.o ./bsp/kernel/shared_memory/d_smi_eth.o  ./bsp/kernel/sha/d_sha256.o  ./bsp/kernel/scheduler/d_sched_loading.o ./bsp/kernel/scheduler/d_sched_scheduler.o ./bsp/kernel/scheduler/loading_cfg.o ./bsp/kernel/scheduler/scheduler_cfg.o  ./bsp/kernel/ram/d_ram.o ./bsp/kernel/ram/d_ram_bit.o ./bsp/kernel/ram/d_ram_code_crc.o ./bsp/kernel/ram/d_ram_stack.o ./bsp/kernel/ram/ram_cfg.o  ./bsp/kernel/process_monitor/d_pmon.o  ./bsp/kernel/general/d_gen_memory.o ./bsp/kernel/general/d_gen_register.o ./bsp/kernel/general/d_gen_string.o  ./bsp/kernel/file_handler/d_file.o  ./bsp/kernel/fat_fs/d_diskio.o ./bsp/kernel/fat_fs/d_ff.o ./bsp/kernel/fat_fs/d_ffsystem.o ./bsp/kernel/fat_fs/d_ffunicode.o  ./bsp/kernel/event_logger/d_event_logger.o ./bsp/kernel/event_logger/d_event_logger_critical.o ./bsp/kernel/event_logger/d_event_logger_mmc.o ./bsp/kernel/event_logger/d_event_logger_mmc_event.o ./bsp/kernel/event_logger/event_logger_cfg.o  ./bsp/kernel/error_handler/d_error_exception.o ./bsp/kernel/error_handler/d_error_handler.o ./bsp/kernel/error_handler/error_handler_cfg.o  ./bsp/kernel/date_time/d_date_time.o  ./bsp/kernel/crc32/d_crc32.o  ./bsp/kernel/buffer/buffer_cfg.o ./bsp/kernel/buffer/d_buffer.o  ./bsp/driver/imu_iim20670/d_imu_iim20670.o ./bsp/driver/imu_iim20670/imu_iim20670_cfg.o  ./bsp/driver/imu_adis16505/d_imu_adis16505.o ./bsp/driver/imu_adis16505/imu_adis16505_cfg.o  ./bsp/driver/gnss/d_gnss_ublox.o ./bsp/driver/gnss/gnss_ublox_cfg.o  ./bsp/driver/bme280/bme280_cfg.o ./bsp/driver/bme280/d_bme280.o  ./bsp/driver/auav/auav_cfg.o ./bsp/driver/auav/d_auav.o   -Wl,--start-group,-lxil,-lgcc,-lc,--end-group -Wl,--start-group,-lxil,-llwip4,-lgcc,-lc,--end-group
'Finished building target: can_holt.elf'
' '
'Invoking: ARM R5 Print Size'
armr5-none-eabi-size can_holt.elf  |tee "can_holt.elf.size"
   text	   data	    bss	    dec	    hex	filename
 397204	   6328	39868448	40271980	266806c	can_holt.elf
'Finished building: can_holt.elf.size'
' '
10:50:35 **** Clean-only build of project 136T-2200-113050-001-F11-02 ****
buildplatform.bat 51954 136T-2200-113050-001-F11-02 clean 
XSDB Server Channel: tcfchan#3
Reading the platform  : "136T-2200-113050-001-F11-02"
Cleaning the zynqmp_fsbl application.
rm -rf  xfsbl_partition_load.o  xfsbl_qspi.o  xfsbl_csu_dma.o  xfsbl_nand.o  xfsbl_image_header.o  xfsbl_hooks.o  xfsbl_main.o 
 xfsbl_dfu_util.o  xfsbl_initialization.o  xfsbl_ddr_init.o  xfsbl_handoff.o  psu_init.o  xfsbl_sd.o  xfsbl_board.o  xfsbl_misc
_drivers.o  xfsbl_bs.o  xfsbl_rsa_sha.o  xfsbl_plpartition_valid.o  xfsbl_usb.o  xfsbl_misc.o  xfsbl_authentication.o  xfsbl_ex
it.o zynqmp_fsbl_bsp/psu_cortexr5_0/lib/libxil.a fsbl_r5.elf *.o

Cleaning the zynqmp_fsbl application, bsp
make -C psu_cortexr5_0/libsrc/axipmon_v6_9/src -s clean 

make -C psu_cortexr5_0/libsrc/canps_v3_5/src -s clean 

make -C psu_cortexr5_0/libsrc/clockps_v1_3/src -s clean 

make -C psu_cortexr5_0/libsrc/coresightps_dcc_v1_8/src -s clean 

make -C psu_cortexr5_0/libsrc/cpu_cortexr5_v1_8/src -s clean 

make -C psu_cortexr5_0/libsrc/csudma_v1_7/src -s clean 

make -C psu_cortexr5_0/libsrc/ddrcpsu_v1_3/src -s clean 

make -C psu_cortexr5_0/libsrc/emacps_v3_12/src -s clean 

make -C psu_cortexr5_0/libsrc/gpiops_v3_8/src -s clean 

make -C psu_cortexr5_0/libsrc/ipipsu_v2_7/src -s clean 

make -C psu_cortexr5_0/libsrc/qspipsu_v1_12/src -s clean 

make -C psu_cortexr5_0/libsrc/resetps_v1_4/src -s clean 

make -C psu_cortexr5_0/libsrc/rtcpsu_v1_10/src -s clean 

make -C psu_cortexr5_0/libsrc/scugic_v4_3/src -s clean 

make -C psu_cortexr5_0/libsrc/sdps_v3_10/src -s clean 

make -C psu_cortexr5_0/libsrc/spips_v3_5/src -s clean 

make -C psu_cortexr5_0/libsrc/standalone_v7_3/src -s clean 

make -C psu_cortexr5_0/libsrc/sysmonpsu_v2_7/src -s clean 

make -C psu_cortexr5_0/libsrc/ttcps_v3_12/src -s clean 

make -C psu_cortexr5_0/libsrc/uartns550_v3_7/src -s clean 

make -C psu_cortexr5_0/libsrc/uartps_v3_10/src -s clean 

make -C psu_cortexr5_0/libsrc/wdtps_v3_4/src -s clean 

make -C psu_cortexr5_0/libsrc/xilffs_v4_4/src -s clean 

make -C psu_cortexr5_0/libsrc/xilpm_v3_2/src -s clean 

make -C psu_cortexr5_0/libsrc/xilsecure_v4_3/src -s clean 

make -C psu_cortexr5_0/libsrc/zdma_v1_10/src -s clean 

rm -f psu_cortexr5_0/lib/libxil.a

Cleaning the zynqmp_pmufw application.
rm -rf  xpfw_mod_legacy.o  xpfw_mod_em.o  xpfw_main.o  pm_power.o  xpfw_mod_rpu.o  pm_gpp.o  pm_pll.o  pm_periph.o  idle_hooks.
o  xpfw_core.o  pm_clock.o  pm_extern.o  xpfw_mod_stl.o  pm_callbacks.o  pm_csudma.o  pm_node_reset.o  xpfw_rom_interface.o  xp
fw_mod_rtc.o  xpfw_mod_sched.o  xpfw_util.o  xpfw_resets.o  xpfw_mod_pm.o  pm_slave.o  pm_binding.o  pm_qspi.o  xpfw_xpu.o  pm_
config.o  pm_core.o  pm_requirement.o  pm_notifier.o  xpfw_module.o  xpfw_restart.o  xpfw_error_manager.o  pm_master.o  xpfw_ip
i_manager.o  pm_usb.o  xpfw_mod_common.o  pm_reset.o  pm_node.o  xpfw_platform.o  xpfw_mod_dap.o  xpfw_crc.o  pm_proc.o  xpfw_m
od_wdt.o  xpfw_user_startup.o  pm_sram.o  pm_ddr.o  pm_pinctrl.o  xpfw_events.o  xpfw_aib.o  pm_gic_proxy.o  xpfw_scheduler.o  
pm_system.o  xpfw_mod_ultra96.o  pm_mmio_access.o  pm_hooks.o  xpfw_interrupts.o  xpfw_start.o zynqmp_pmufw_bsp/psu_pmu_0/lib/l
ibxil.a pmufw.elf *.o

Cleaning the zynqmp_pmufw application, bsp
make -C psu_pmu_0/libsrc/axipmon_v6_9/src -s clean 

make -C psu_pmu_0/libsrc/canps_v3_5/src -s clean 

make -C psu_pmu_0/libsrc/clockps_v1_3/src -s clean 

make -C psu_pmu_0/libsrc/cpu_v2_12/src -s clean 

make -C psu_pmu_0/libsrc/csudma_v1_7/src -s clean 

make -C psu_pmu_0/libsrc/ddrcpsu_v1_3/src -s clean 

make -C psu_pmu_0/libsrc/emacps_v3_12/src -s clean 

make -C psu_pmu_0/libsrc/gpiops_v3_8/src -s clean 

make -C psu_pmu_0/libsrc/ipipsu_v2_7/src -s clean 

make -C psu_pmu_0/libsrc/qspipsu_v1_12/src -s clean 

make -C psu_pmu_0/libsrc/resetps_v1_4/src -s clean 

make -C psu_pmu_0/libsrc/rtcpsu_v1_10/src -s clean 

make -C psu_pmu_0/libsrc/sdps_v3_10/src -s clean 

make -C psu_pmu_0/libsrc/spips_v3_5/src -s clean 

make -C psu_pmu_0/libsrc/standalone_v7_3/src -s clean 

make -C psu_pmu_0/libsrc/sysmonpsu_v2_7/src -s clean 

make -C psu_pmu_0/libsrc/ttcps_v3_12/src -s clean 

make -C psu_pmu_0/libsrc/uartns550_v3_7/src -s clean 

make -C psu_pmu_0/libsrc/uartps_v3_10/src -s clean 

make -C psu_pmu_0/libsrc/wdtps_v3_4/src -s clean 

make -C psu_pmu_0/libsrc/xilfpga_v5_3/src -s clean 

make -C psu_pmu_0/libsrc/xilsecure_v4_3/src -s clean 

make -C psu_pmu_0/libsrc/xilskey_v7_0/src -s clean 

make -C psu_pmu_0/libsrc/zdma_v1_10/src -s clean 

rm -f psu_pmu_0/lib/libxil.a

Cleaning the BSP for domain  - standalone_domain
make -C psu_cortexr5_0/libsrc/axipmon_v6_9/src -s clean 

make -C psu_cortexr5_0/libsrc/canps_v3_5/src -s clean 

make -C psu_cortexr5_0/libsrc/clockps_v1_3/src -s clean 

make -C psu_cortexr5_0/libsrc/coresightps_dcc_v1_8/src -s clean 

make -C psu_cortexr5_0/libsrc/cpu_cortexr5_v1_8/src -s clean 

make -C psu_cortexr5_0/libsrc/csudma_v1_7/src -s clean 

make -C psu_cortexr5_0/libsrc/ddrcpsu_v1_3/src -s clean 

make -C psu_cortexr5_0/libsrc/emacps_v3_12/src -s clean 

make -C psu_cortexr5_0/libsrc/gpiops_v3_8/src -s clean 

make -C psu_cortexr5_0/libsrc/ipipsu_v2_7/src -s clean 

make -C psu_cortexr5_0/libsrc/lwip211_v1_3/src -s clean 

make -C psu_cortexr5_0/libsrc/qspipsu_v1_12/src -s clean 

make -C psu_cortexr5_0/libsrc/resetps_v1_4/src -s clean 

make -C psu_cortexr5_0/libsrc/rtcpsu_v1_10/src -s clean 

make -C psu_cortexr5_0/libsrc/scugic_v4_3/src -s clean 

make -C psu_cortexr5_0/libsrc/sdps_v3_10/src -s clean 

make -C psu_cortexr5_0/libsrc/spips_v3_5/src -s clean 

make -C psu_cortexr5_0/libsrc/standalone_v7_3/src -s clean 

make -C psu_cortexr5_0/libsrc/sysmonpsu_v2_7/src -s clean 

make -C psu_cortexr5_0/libsrc/ttcps_v3_12/src -s clean 

make -C psu_cortexr5_0/libsrc/uartns550_v3_7/src -s clean 

make -C psu_cortexr5_0/libsrc/uartps_v3_10/src -s clean 

make -C psu_cortexr5_0/libsrc/wdtps_v3_4/src -s clean 

make -C psu_cortexr5_0/libsrc/zdma_v1_10/src -s clean 

rm -f psu_cortexr5_0/lib/libxil.a

10:51:06 **** Clean-only build of configuration Debug for project can_holt ****
make clean 
rm -rf  ./src/config/can_cfg.o ./src/config/memory_cfg.o  ./src/ETAS_global.o ./src/main.o ./src/uart.o  ./bsp/sru/watchdog/d_watchdog.o ./bsp/sru/watchdog/watchdog_cfg.o  ./bsp/sru/temperature/d_temperature.o ./bsp/sru/temperature/temperature_cfg.o  ./bsp/sru/spi_pl/d_spi_pl.o ./bsp/sru/spi_pl/spi_pl_cfg.o  ./bsp/sru/sbus/d_sbus.o ./bsp/sru/sbus/sbus_cfg.o  ./bsp/sru/qspiFlash/d_qspiFlash.o  ./bsp/sru/pwm/d_pwm.o ./bsp/sru/pwm/pwm_cfg.o  ./bsp/sru/mmc/d_mmc_interface.o  ./bsp/sru/metadata/d_metadata.o ./bsp/sru/metadata/metadata_cfg.o  ./bsp/sru/ioc_eeprom/d_ioc_eeprom.o ./bsp/sru/ioc_eeprom/ioc_eeprom_cfg.o  ./bsp/sru/flash_mac/d_flash_mac.o ./bsp/sru/flash_mac/flash_mac_cfg.o  ./bsp/sru/fcu/d_fcu.o ./bsp/sru/fcu/fcu_cfg.o  ./bsp/sru/ethernet/d_eth_interface.o ./bsp/sru/ethernet/xemacpsif_physpeed.o ./bsp/sru/ethernet/xpqueue.o  ./bsp/sru/ds1682/d_ds1682.o ./bsp/sru/ds1682/ds1682_cfg.o  ./bsp/sru/discrete_pl/d_discrete_pl.o ./bsp/sru/discrete_pl/discrete_pl_cfg.o  ./bsp/sru/coverage/d_coverage.o  ./bsp/sru/counter/counter_cfg.o ./bsp/sru/counter/d_counter.o  ./bsp/sru/can_holt/can_holt_cfg.o ./bsp/sru/can_holt/d_can_holt.o  ./bsp/sru/analogue_pl/analogue_pl_cfg.o ./bsp/sru/analogue_pl/d_analogue_pl.o  ./bsp/soc/uart/d_uart.o ./bsp/soc/uart/d_uart_pl.o ./bsp/soc/uart/d_uart_ps.o ./bsp/soc/uart/uart_pl_cfg.o ./bsp/soc/uart/uart_ps_cfg.o  ./bsp/soc/timer/d_timer.o ./bsp/soc/timer/d_timer_counter.o  ./bsp/soc/spi/d_spi.o ./bsp/soc/spi/spi_cfg.o  ./bsp/soc/sata/d_sata.o ./bsp/soc/sata/d_sata_encryption.o ./bsp/soc/sata/d_sata_ops.o  ./bsp/soc/memory_manager/d_memory.o ./bsp/soc/memory_manager/d_memory_cache.o ./bsp/soc/memory_manager/memory_cfg.o  ./bsp/soc/interrupt_manager/d_int_irq_handler.o ./bsp/soc/interrupt_manager/d_int_irq_split.o ./bsp/soc/interrupt_manager/d_int_vector.o ./bsp/soc/interrupt_manager/int_irq_split_cfg.o ./bsp/soc/interrupt_manager/irq_table_cfg.o  ./bsp/soc/dma/d_dma.o ./bsp/soc/dma/dma_cfg.o  ./bsp/soc/discrete/d_discrete.o ./bsp/soc/discrete/discrete_cfg.o  ./bsp/soc/defines/d_common_status.o  ./bsp/soc/cstart/d_boot.o ./bsp/soc/cstart/d_cstart.o  ./bsp/soc/can/can_cfg.o ./bsp/soc/can/d_can.o  ./bsp/soc/bit/d_bit.o  ./bsp/soc/apu_manager/d_apu.o  ./bsp/soc/analogue/d_analogue.o  ./bsp/kernel/shared_memory/d_smi.o ./bsp/kernel/shared_memory/d_smi_eth.o  ./bsp/kernel/sha/d_sha256.o  ./bsp/kernel/scheduler/d_sched_loading.o ./bsp/kernel/scheduler/d_sched_scheduler.o ./bsp/kernel/scheduler/loading_cfg.o ./bsp/kernel/scheduler/scheduler_cfg.o  ./bsp/kernel/ram/d_ram.o ./bsp/kernel/ram/d_ram_bit.o ./bsp/kernel/ram/d_ram_code_crc.o ./bsp/kernel/ram/d_ram_stack.o ./bsp/kernel/ram/ram_cfg.o  ./bsp/kernel/process_monitor/d_pmon.o  ./bsp/kernel/general/d_gen_memory.o ./bsp/kernel/general/d_gen_register.o ./bsp/kernel/general/d_gen_string.o  ./bsp/kernel/file_handler/d_file.o  ./bsp/kernel/fat_fs/d_diskio.o ./bsp/kernel/fat_fs/d_ff.o ./bsp/kernel/fat_fs/d_ffsystem.o ./bsp/kernel/fat_fs/d_ffunicode.o  ./bsp/kernel/event_logger/d_event_logger.o ./bsp/kernel/event_logger/d_event_logger_critical.o ./bsp/kernel/event_logger/d_event_logger_mmc.o ./bsp/kernel/event_logger/d_event_logger_mmc_event.o ./bsp/kernel/event_logger/event_logger_cfg.o  ./bsp/kernel/error_handler/d_error_exception.o ./bsp/kernel/error_handler/d_error_handler.o ./bsp/kernel/error_handler/error_handler_cfg.o  ./bsp/kernel/date_time/d_date_time.o  ./bsp/kernel/crc32/d_crc32.o  ./bsp/kernel/buffer/buffer_cfg.o ./bsp/kernel/buffer/d_buffer.o  ./bsp/driver/imu_iim20670/d_imu_iim20670.o ./bsp/driver/imu_iim20670/imu_iim20670_cfg.o  ./bsp/driver/imu_adis16505/d_imu_adis16505.o ./bsp/driver/imu_adis16505/imu_adis16505_cfg.o  ./bsp/driver/gnss/d_gnss_ublox.o ./bsp/driver/gnss/gnss_ublox_cfg.o  ./bsp/driver/bme280/bme280_cfg.o ./bsp/driver/bme280/d_bme280.o  ./bsp/driver/auav/auav_cfg.o ./bsp/driver/auav/d_auav.o  ./bsp/soc/interrupt_manager/d_int_vector.d  ./src/config/can_cfg.d ./src/config/memory_cfg.d  ./src/ETAS_global.d ./src/main.d ./src/uart.d  ./bsp/sru/watchdog/d_watchdog.d ./bsp/sru/watchdog/watchdog_cfg.d  ./bsp/sru/temperature/d_temperature.d ./bsp/sru/temperature/temperature_cfg.d  ./bsp/sru/spi_pl/d_spi_pl.d ./bsp/sru/spi_pl/spi_pl_cfg.d  ./bsp/sru/sbus/d_sbus.d ./bsp/sru/sbus/sbus_cfg.d  ./bsp/sru/qspiFlash/d_qspiFlash.d  ./bsp/sru/pwm/d_pwm.d ./bsp/sru/pwm/pwm_cfg.d  ./bsp/sru/mmc/d_mmc_interface.d  ./bsp/sru/metadata/d_metadata.d ./bsp/sru/metadata/metadata_cfg.d  ./bsp/sru/ioc_eeprom/d_ioc_eeprom.d ./bsp/sru/ioc_eeprom/ioc_eeprom_cfg.d  ./bsp/sru/flash_mac/d_flash_mac.d ./bsp/sru/flash_mac/flash_mac_cfg.d  ./bsp/sru/fcu/d_fcu.d ./bsp/sru/fcu/fcu_cfg.d  ./bsp/sru/ethernet/d_eth_interface.d ./bsp/sru/ethernet/xemacpsif_physpeed.d ./bsp/sru/ethernet/xpqueue.d  ./bsp/sru/ds1682/d_ds1682.d ./bsp/sru/ds1682/ds1682_cfg.d  ./bsp/sru/discrete_pl/d_discrete_pl.d ./bsp/sru/discrete_pl/discrete_pl_cfg.d  ./bsp/sru/coverage/d_coverage.d  ./bsp/sru/counter/counter_cfg.d ./bsp/sru/counter/d_counter.d  ./bsp/sru/can_holt/can_holt_cfg.d ./bsp/sru/can_holt/d_can_holt.d  ./bsp/sru/analogue_pl/analogue_pl_cfg.d ./bsp/sru/analogue_pl/d_analogue_pl.d  ./bsp/soc/uart/d_uart.d ./bsp/soc/uart/d_uart_pl.d ./bsp/soc/uart/d_uart_ps.d ./bsp/soc/uart/uart_pl_cfg.d ./bsp/soc/uart/uart_ps_cfg.d  ./bsp/soc/timer/d_timer.d ./bsp/soc/timer/d_timer_counter.d  ./bsp/soc/spi/d_spi.d ./bsp/soc/spi/spi_cfg.d  ./bsp/soc/sata/d_sata.d ./bsp/soc/sata/d_sata_encryption.d ./bsp/soc/sata/d_sata_ops.d  ./bsp/soc/memory_manager/d_memory.d ./bsp/soc/memory_manager/d_memory_cache.d ./bsp/soc/memory_manager/memory_cfg.d  ./bsp/soc/interrupt_manager/d_int_irq_handler.d ./bsp/soc/interrupt_manager/d_int_irq_split.d ./bsp/soc/interrupt_manager/int_irq_split_cfg.d ./bsp/soc/interrupt_manager/irq_table_cfg.d  ./bsp/soc/dma/d_dma.d ./bsp/soc/dma/dma_cfg.d  ./bsp/soc/discrete/d_discrete.d ./bsp/soc/discrete/discrete_cfg.d  ./bsp/soc/defines/d_common_status.d  ./bsp/soc/can/can_cfg.d ./bsp/soc/can/d_can.d  ./bsp/soc/bit/d_bit.d  ./bsp/soc/apu_manager/d_apu.d  ./bsp/soc/analogue/d_analogue.d  ./bsp/kernel/shared_memory/d_smi.d ./bsp/kernel/shared_memory/d_smi_eth.d  ./bsp/kernel/sha/d_sha256.d  ./bsp/kernel/scheduler/d_sched_loading.d ./bsp/kernel/scheduler/d_sched_scheduler.d ./bsp/kernel/scheduler/loading_cfg.d ./bsp/kernel/scheduler/scheduler_cfg.d  ./bsp/kernel/ram/d_ram.d ./bsp/kernel/ram/d_ram_bit.d ./bsp/kernel/ram/d_ram_code_crc.d ./bsp/kernel/ram/d_ram_stack.d ./bsp/kernel/ram/ram_cfg.d  ./bsp/kernel/process_monitor/d_pmon.d  ./bsp/kernel/general/d_gen_memory.d ./bsp/kernel/general/d_gen_register.d ./bsp/kernel/general/d_gen_string.d  ./bsp/kernel/file_handler/d_file.d  ./bsp/kernel/fat_fs/d_diskio.d ./bsp/kernel/fat_fs/d_ff.d ./bsp/kernel/fat_fs/d_ffsystem.d ./bsp/kernel/fat_fs/d_ffunicode.d  ./bsp/kernel/event_logger/d_event_logger.d ./bsp/kernel/event_logger/d_event_logger_critical.d ./bsp/kernel/event_logger/d_event_logger_mmc.d ./bsp/kernel/event_logger/d_event_logger_mmc_event.d ./bsp/kernel/event_logger/event_logger_cfg.d  ./bsp/kernel/error_handler/d_error_exception.d ./bsp/kernel/error_handler/d_error_handler.d ./bsp/kernel/error_handler/error_handler_cfg.d  ./bsp/kernel/date_time/d_date_time.d  ./bsp/kernel/crc32/d_crc32.d  ./bsp/kernel/buffer/buffer_cfg.d ./bsp/kernel/buffer/d_buffer.d  ./bsp/driver/imu_iim20670/d_imu_iim20670.d ./bsp/driver/imu_iim20670/imu_iim20670_cfg.d  ./bsp/driver/imu_adis16505/d_imu_adis16505.d ./bsp/driver/imu_adis16505/imu_adis16505_cfg.d  ./bsp/driver/gnss/d_gnss_ublox.d ./bsp/driver/gnss/gnss_ublox_cfg.d  ./bsp/driver/bme280/bme280_cfg.d ./bsp/driver/bme280/d_bme280.d  ./bsp/driver/auav/auav_cfg.d ./bsp/driver/auav/d_auav.d  can_holt.elf.size  can_holt.elf
' '
10:51:06 **** Clean-only build of configuration Debug for project can_holt_system ****
make clean 
rm -rf ./_sds
rm -rf package
rm -f system.bif
10:51:12 **** Build of project 136T-2200-113050-001-F11-02 ****
buildplatform.bat 51954 136T-2200-113050-001-F11-02  
XSDB Server Channel: tcfchan#4
Building the zynqmp_fsbl application.
make: Entering directory 'C:/Users/SripadKulkarni/workspace/FC-200-CAN-HOLT/136T-2200-113050-001-F11-02/zynqmp_fsbl/zynqmp_fsbl
_bsp'

make --no-print-directory seq_libs

"Running Make include in psu_cortexr5_0/libsrc/axipmon_v6_9/src"

make -C psu_cortexr5_0/libsrc/axipmon_v6_9/src -s include  "SHELL=CMD" "COMPILER=armr5-none-eabi-gcc" "ASSEMBLER=armr5-none-eab
i-as" "ARCHIVER=armr5-none-eabi-ar" "COMPILER_FLAGS=  -O2 -c -mcpu=cortex-r5" "EXTRA_COMPILER_FLAGS=-g -DARMR5 -Wall -Wextra -m
float-abi=hard -mfpu=vfpv3-d16 -Os -flto -ffat-lto-objects"

"Running Make include in psu_cortexr5_0/libsrc/canps_v3_5/src"

make -C psu_cortexr5_0/libsrc/canps_v3_5/src -s include  "SHELL=CMD" "COMPILER=armr5-none-eabi-gcc" "ASSEMBLER=armr5-none-eabi-
as" "ARCHIVER=armr5-none-eabi-ar" "COMPILER_FLAGS=  -O2 -c -mcpu=cortex-r5" "EXTRA_COMPILER_FLAGS=-g -DARMR5 -Wall -Wextra -mfl
oat-abi=hard -mfpu=vfpv3-d16 -Os -flto -ffat-lto-objects"

"Running Make include in psu_cortexr5_0/libsrc/clockps_v1_3/src"

make -C psu_cortexr5_0/libsrc/clockps_v1_3/src -s include  "SHELL=CMD" "COMPILER=armr5-none-eabi-gcc" "ASSEMBLER=armr5-none-eab
i-as" "ARCHIVER=armr5-none-eabi-ar" "COMPILER_FLAGS=  -O2 -c -mcpu=cortex-r5" "EXTRA_COMPILER_FLAGS=-g -DARMR5 -Wall -Wextra -m
float-abi=hard -mfpu=vfpv3-d16 -Os -flto -ffat-lto-objects"

"Running Make include in psu_cortexr5_0/libsrc/coresightps_dcc_v1_8/src"

make -C psu_cortexr5_0/libsrc/coresightps_dcc_v1_8/src -s include  "SHELL=CMD" "COMPILER=armr5-none-eabi-gcc" "ASSEMBLER=armr5-
none-eabi-as" "ARCHIVER=armr5-none-eabi-ar" "COMPILER_FLAGS=  -O2 -c -mcpu=cortex-r5" "EXTRA_COMPILER_FLAGS=-g -DARMR5 -Wall -W
extra -mfloat-abi=hard -mfpu=vfpv3-d16 -Os -flto -ffat-lto-objects"

"Running Make include in psu_cortexr5_0/libsrc/cpu_cortexr5_v1_8/src"

make -C psu_cortexr5_0/libsrc/cpu_cortexr5_v1_8/src -s include  "SHELL=CMD" "COMPILER=armr5-none-eabi-gcc" "ASSEMBLER=armr5-non
e-eabi-as" "ARCHIVER=armr5-none-eabi-ar" "COMPILER_FLAGS=  -O2 -c -mcpu=cortex-r5" "EXTRA_COMPILER_FLAGS=-g -DARMR5 -Wall -Wext
ra -mfloat-abi=hard -mfpu=vfpv3-d16 -Os -flto -ffat-lto-objects"

"Running Make include in psu_cortexr5_0/libsrc/csudma_v1_7/src"

make -C psu_cortexr5_0/libsrc/csudma_v1_7/src -s include  "SHELL=CMD" "COMPILER=armr5-none-eabi-gcc" "ASSEMBLER=armr5-none-eabi
-as" "ARCHIVER=armr5-none-eabi-ar" "COMPILER_FLAGS=  -O2 -c -mcpu=cortex-r5" "EXTRA_COMPILER_FLAGS=-g -DARMR5 -Wall -Wextra -mf
loat-abi=hard -mfpu=vfpv3-d16 -Os -flto -ffat-lto-objects"

"Running Make include in psu_cortexr5_0/libsrc/ddrcpsu_v1_3/src"

make -C psu_cortexr5_0/libsrc/ddrcpsu_v1_3/src -s include  "SHELL=CMD" "COMPILER=armr5-none-eabi-gcc" "ASSEMBLER=armr5-none-eab
i-as" "ARCHIVER=armr5-none-eabi-ar" "COMPILER_FLAGS=  -O2 -c -mcpu=cortex-r5" "EXTRA_COMPILER_FLAGS=-g -DARMR5 -Wall -Wextra -m
float-abi=hard -mfpu=vfpv3-d16 -Os -flto -ffat-lto-objects"

"Running Make include in psu_cortexr5_0/libsrc/emacps_v3_12/src"

make -C psu_cortexr5_0/libsrc/emacps_v3_12/src -s include  "SHELL=CMD" "COMPILER=armr5-none-eabi-gcc" "ASSEMBLER=armr5-none-eab
i-as" "ARCHIVER=armr5-none-eabi-ar" "COMPILER_FLAGS=  -O2 -c -mcpu=cortex-r5" "EXTRA_COMPILER_FLAGS=-g -DARMR5 -Wall -Wextra -m
float-abi=hard -mfpu=vfpv3-d16 -Os -flto -ffat-lto-objects"

"Running Make include in psu_cortexr5_0/libsrc/gpiops_v3_8/src"

make -C psu_cortexr5_0/libsrc/gpiops_v3_8/src -s include  "SHELL=CMD" "COMPILER=armr5-none-eabi-gcc" "ASSEMBLER=armr5-none-eabi
-as" "ARCHIVER=armr5-none-eabi-ar" "COMPILER_FLAGS=  -O2 -c -mcpu=cortex-r5" "EXTRA_COMPILER_FLAGS=-g -DARMR5 -Wall -Wextra -mf
loat-abi=hard -mfpu=vfpv3-d16 -Os -flto -ffat-lto-objects"

"Running Make include in psu_cortexr5_0/libsrc/ipipsu_v2_7/src"

make -C psu_cortexr5_0/libsrc/ipipsu_v2_7/src -s include  "SHELL=CMD" "COMPILER=armr5-none-eabi-gcc" "ASSEMBLER=armr5-none-eabi
-as" "ARCHIVER=armr5-none-eabi-ar" "COMPILER_FLAGS=  -O2 -c -mcpu=cortex-r5" "EXTRA_COMPILER_FLAGS=-g -DARMR5 -Wall -Wextra -mf
loat-abi=hard -mfpu=vfpv3-d16 -Os -flto -ffat-lto-objects"

"Running Make include in psu_cortexr5_0/libsrc/qspipsu_v1_12/src"

make -C psu_cortexr5_0/libsrc/qspipsu_v1_12/src -s include  "SHELL=CMD" "COMPILER=armr5-none-eabi-gcc" "ASSEMBLER=armr5-none-ea
bi-as" "ARCHIVER=armr5-none-eabi-ar" "COMPILER_FLAGS=  -O2 -c -mcpu=cortex-r5" "EXTRA_COMPILER_FLAGS=-g -DARMR5 -Wall -Wextra -
mfloat-abi=hard -mfpu=vfpv3-d16 -Os -flto -ffat-lto-objects"

"Running Make include in psu_cortexr5_0/libsrc/resetps_v1_4/src"

make -C psu_cortexr5_0/libsrc/resetps_v1_4/src -s include  "SHELL=CMD" "COMPILER=armr5-none-eabi-gcc" "ASSEMBLER=armr5-none-eab
i-as" "ARCHIVER=armr5-none-eabi-ar" "COMPILER_FLAGS=  -O2 -c -mcpu=cortex-r5" "EXTRA_COMPILER_FLAGS=-g -DARMR5 -Wall -Wextra -m
float-abi=hard -mfpu=vfpv3-d16 -Os -flto -ffat-lto-objects"

"Running Make include in psu_cortexr5_0/libsrc/rtcpsu_v1_10/src"

make -C psu_cortexr5_0/libsrc/rtcpsu_v1_10/src -s include  "SHELL=CMD" "COMPILER=armr5-none-eabi-gcc" "ASSEMBLER=armr5-none-eab
i-as" "ARCHIVER=armr5-none-eabi-ar" "COMPILER_FLAGS=  -O2 -c -mcpu=cortex-r5" "EXTRA_COMPILER_FLAGS=-g -DARMR5 -Wall -Wextra -m
float-abi=hard -mfpu=vfpv3-d16 -Os -flto -ffat-lto-objects"

"Running Make include in psu_cortexr5_0/libsrc/scugic_v4_3/src"

make -C psu_cortexr5_0/libsrc/scugic_v4_3/src -s include  "SHELL=CMD" "COMPILER=armr5-none-eabi-gcc" "ASSEMBLER=armr5-none-eabi
-as" "ARCHIVER=armr5-none-eabi-ar" "COMPILER_FLAGS=  -O2 -c -mcpu=cortex-r5" "EXTRA_COMPILER_FLAGS=-g -DARMR5 -Wall -Wextra -mf
loat-abi=hard -mfpu=vfpv3-d16 -Os -flto -ffat-lto-objects"

"Running Make include in psu_cortexr5_0/libsrc/sdps_v3_10/src"

make -C psu_cortexr5_0/libsrc/sdps_v3_10/src -s include  "SHELL=CMD" "COMPILER=armr5-none-eabi-gcc" "ASSEMBLER=armr5-none-eabi-
as" "ARCHIVER=armr5-none-eabi-ar" "COMPILER_FLAGS=  -O2 -c -mcpu=cortex-r5" "EXTRA_COMPILER_FLAGS=-g -DARMR5 -Wall -Wextra -mfl
oat-abi=hard -mfpu=vfpv3-d16 -Os -flto -ffat-lto-objects"

"Running Make include in psu_cortexr5_0/libsrc/spips_v3_5/src"

make -C psu_cortexr5_0/libsrc/spips_v3_5/src -s include  "SHELL=CMD" "COMPILER=armr5-none-eabi-gcc" "ASSEMBLER=armr5-none-eabi-
as" "ARCHIVER=armr5-none-eabi-ar" "COMPILER_FLAGS=  -O2 -c -mcpu=cortex-r5" "EXTRA_COMPILER_FLAGS=-g -DARMR5 -Wall -Wextra -mfl
oat-abi=hard -mfpu=vfpv3-d16 -Os -flto -ffat-lto-objects"

"Running Make include in psu_cortexr5_0/libsrc/standalone_v7_3/src"

make -C psu_cortexr5_0/libsrc/standalone_v7_3/src -s include  "SHELL=CMD" "COMPILER=armr5-none-eabi-gcc" "ASSEMBLER=armr5-none-
eabi-as" "ARCHIVER=armr5-none-eabi-ar" "COMPILER_FLAGS=  -O2 -c -mcpu=cortex-r5" "EXTRA_COMPILER_FLAGS=-g -DARMR5 -Wall -Wextra
 -mfloat-abi=hard -mfpu=vfpv3-d16 -Os -flto -ffat-lto-objects"

"Running Make include in psu_cortexr5_0/libsrc/sysmonpsu_v2_7/src"

make -C psu_cortexr5_0/libsrc/sysmonpsu_v2_7/src -s include  "SHELL=CMD" "COMPILER=armr5-none-eabi-gcc" "ASSEMBLER=armr5-none-e
abi-as" "ARCHIVER=armr5-none-eabi-ar" "COMPILER_FLAGS=  -O2 -c -mcpu=cortex-r5" "EXTRA_COMPILER_FLAGS=-g -DARMR5 -Wall -Wextra 
-mfloat-abi=hard -mfpu=vfpv3-d16 -Os -flto -ffat-lto-objects"

"Running Make include in psu_cortexr5_0/libsrc/ttcps_v3_12/src"

make -C psu_cortexr5_0/libsrc/ttcps_v3_12/src -s include  "SHELL=CMD" "COMPILER=armr5-none-eabi-gcc" "ASSEMBLER=armr5-none-eabi
-as" "ARCHIVER=armr5-none-eabi-ar" "COMPILER_FLAGS=  -O2 -c -mcpu=cortex-r5" "EXTRA_COMPILER_FLAGS=-g -DARMR5 -Wall -Wextra -mf
loat-abi=hard -mfpu=vfpv3-d16 -Os -flto -ffat-lto-objects"

"Running Make include in psu_cortexr5_0/libsrc/uartns550_v3_7/src"

make -C psu_cortexr5_0/libsrc/uartns550_v3_7/src -s include  "SHELL=CMD" "COMPILER=armr5-none-eabi-gcc" "ASSEMBLER=armr5-none-e
abi-as" "ARCHIVER=armr5-none-eabi-ar" "COMPILER_FLAGS=  -O2 -c -mcpu=cortex-r5" "EXTRA_COMPILER_FLAGS=-g -DARMR5 -Wall -Wextra 
-mfloat-abi=hard -mfpu=vfpv3-d16 -Os -flto -ffat-lto-objects"

"Running Make include in psu_cortexr5_0/libsrc/uartps_v3_10/src"

make -C psu_cortexr5_0/libsrc/uartps_v3_10/src -s include  "SHELL=CMD" "COMPILER=armr5-none-eabi-gcc" "ASSEMBLER=armr5-none-eab
i-as" "ARCHIVER=armr5-none-eabi-ar" "COMPILER_FLAGS=  -O2 -c -mcpu=cortex-r5" "EXTRA_COMPILER_FLAGS=-g -DARMR5 -Wall -Wextra -m
float-abi=hard -mfpu=vfpv3-d16 -Os -flto -ffat-lto-objects"

"Running Make include in psu_cortexr5_0/libsrc/wdtps_v3_4/src"

make -C psu_cortexr5_0/libsrc/wdtps_v3_4/src -s include  "SHELL=CMD" "COMPILER=armr5-none-eabi-gcc" "ASSEMBLER=armr5-none-eabi-
as" "ARCHIVER=armr5-none-eabi-ar" "COMPILER_FLAGS=  -O2 -c -mcpu=cortex-r5" "EXTRA_COMPILER_FLAGS=-g -DARMR5 -Wall -Wextra -mfl
oat-abi=hard -mfpu=vfpv3-d16 -Os -flto -ffat-lto-objects"

"Running Make include in psu_cortexr5_0/libsrc/xilffs_v4_4/src"

make -C psu_cortexr5_0/libsrc/xilffs_v4_4/src -s include  "SHELL=CMD" "COMPILER=armr5-none-eabi-gcc" "ASSEMBLER=armr5-none-eabi
-as" "ARCHIVER=armr5-none-eabi-ar" "COMPILER_FLAGS=  -O2 -c -mcpu=cortex-r5" "EXTRA_COMPILER_FLAGS=-g -DARMR5 -Wall -Wextra -mf
loat-abi=hard -mfpu=vfpv3-d16 -Os -flto -ffat-lto-objects"

"Running Make include in psu_cortexr5_0/libsrc/xilpm_v3_2/src"

make -C psu_cortexr5_0/libsrc/xilpm_v3_2/src -s include  "SHELL=CMD" "COMPILER=armr5-none-eabi-gcc" "ASSEMBLER=armr5-none-eabi-
as" "ARCHIVER=armr5-none-eabi-ar" "COMPILER_FLAGS=  -O2 -c -mcpu=cortex-r5" "EXTRA_COMPILER_FLAGS=-g -DARMR5 -Wall -Wextra -mfl
oat-abi=hard -mfpu=vfpv3-d16 -Os -flto -ffat-lto-objects"

"Include files for this library have already been copied."

"Running Make include in psu_cortexr5_0/libsrc/xilsecure_v4_3/src"

make -C psu_cortexr5_0/libsrc/xilsecure_v4_3/src -s include  "SHELL=CMD" "COMPILER=armr5-none-eabi-gcc" "ASSEMBLER=armr5-none-e
abi-as" "ARCHIVER=armr5-none-eabi-ar" "COMPILER_FLAGS=  -O2 -c -mcpu=cortex-r5" "EXTRA_COMPILER_FLAGS=-g -DARMR5 -Wall -Wextra 
-mfloat-abi=hard -mfpu=vfpv3-d16 -Os -flto -ffat-lto-objects"

"Running Make include in psu_cortexr5_0/libsrc/zdma_v1_10/src"

make -C psu_cortexr5_0/libsrc/zdma_v1_10/src -s include  "SHELL=CMD" "COMPILER=armr5-none-eabi-gcc" "ASSEMBLER=armr5-none-eabi-
as" "ARCHIVER=armr5-none-eabi-ar" "COMPILER_FLAGS=  -O2 -c -mcpu=cortex-r5" "EXTRA_COMPILER_FLAGS=-g -DARMR5 -Wall -Wextra -mfl
oat-abi=hard -mfpu=vfpv3-d16 -Os -flto -ffat-lto-objects"

"Running Make libs in psu_cortexr5_0/libsrc/xilpm_v3_2/src"

make -C psu_cortexr5_0/libsrc/xilpm_v3_2/src -s libs  "SHELL=CMD" "COMPILER=armr5-none-eabi-gcc" "ASSEMBLER=armr5-none-eabi-as"
 "ARCHIVER=armr5-none-eabi-ar" "COMPILER_FLAGS=  -O2 -c -mcpu=cortex-r5" "EXTRA_COMPILER_FLAGS=-g -DARMR5 -Wall -Wextra -mfloat
-abi=hard -mfpu=vfpv3-d16 -Os -flto -ffat-lto-objects"

"Compiling xilpm library"

pm_api_sys.c: In function 'XPm_ClockSetRate':
pm_api_sys.c:1754:46: warning: unused parameter 'clk' [-Wunused-parameter]
 1754 | XStatus XPm_ClockSetRate(const enum XPmClock clk, const u32 rate)
      |                          ~~~~~~~~~~~~~~~~~~~~^~~
pm_api_sys.c:1754:61: warning: unused parameter 'rate' [-Wunused-parameter]
 1754 | XStatus XPm_ClockSetRate(const enum XPmClock clk, const u32 rate)
      |                                                   ~~~~~~~~~~^~~~
pm_api_sys.c: In function 'XPm_ClockGetRate':
pm_api_sys.c:1771:46: warning: unused parameter 'clk' [-Wunused-parameter]
 1771 | XStatus XPm_ClockGetRate(const enum XPmClock clk, u32 *const rate)
      |                          ~~~~~~~~~~~~~~~~~~~~^~~
pm_api_sys.c:1771:62: warning: unused parameter 'rate' [-Wunused-parameter]
 1771 | XStatus XPm_ClockGetRate(const enum XPmClock clk, u32 *const rate)
      |                                                   ~~~~~~~~~~~^~~~
"Running Make libs in psu_cortexr5_0/libsrc/xilsecure_v4_3/src"

make -C psu_cortexr5_0/libsrc/xilsecure_v4_3/src -s libs  "SHELL=CMD" "COMPILER=armr5-none-eabi-gcc" "ASSEMBLER=armr5-none-eabi
-as" "ARCHIVER=armr5-none-eabi-ar" "COMPILER_FLAGS=  -O2 -c -mcpu=cortex-r5" "EXTRA_COMPILER_FLAGS=-g -DARMR5 -Wall -Wextra -mf
loat-abi=hard -mfpu=vfpv3-d16 -Os -flto -ffat-lto-objects"

"Compiling XilSecure Library"

'Finished building libraries sequentially.'

make -j --no-print-directory par_libs

"Running Make include in psu_cortexr5_0/libsrc/axipmon_v6_9/src"

make -C psu_cortexr5_0/libsrc/axipmon_v6_9/src -s include  "SHELL=CMD" "COMPILER=armr5-none-eabi-gcc" "ASSEMBLER=armr5-none-eab
i-as" "ARCHIVER=armr5-none-eabi-ar" "COMPILER_FLAGS=  -O2 -c -mcpu=cortex-r5" "EXTRA_COMPILER_FLAGS=-g -DARMR5 -Wall -Wextra -m
float-abi=hard -mfpu=vfpv3-d16 -Os -flto -ffat-lto-objects"

"Running Make include in psu_cortexr5_0/libsrc/canps_v3_5/src"

make -C psu_cortexr5_0/libsrc/canps_v3_5/src -s include  "SHELL=CMD" "COMPILER=armr5-none-eabi-gcc" "ASSEMBLER=armr5-none-eabi-
as" "ARCHIVER=armr5-none-eabi-ar" "COMPILER_FLAGS=  -O2 -c -mcpu=cortex-r5" "EXTRA_COMPILER_FLAGS=-g -DARMR5 -Wall -Wextra -mfl
oat-abi=hard -mfpu=vfpv3-d16 -Os -flto -ffat-lto-objects"

"Running Make include in psu_cortexr5_0/libsrc/clockps_v1_3/src"

make -C psu_cortexr5_0/libsrc/clockps_v1_3/src -s include  "SHELL=CMD" "COMPILER=armr5-none-eabi-gcc" "ASSEMBLER=armr5-none-eab
i-as" "ARCHIVER=armr5-none-eabi-ar" "COMPILER_FLAGS=  -O2 -c -mcpu=cortex-r5" "EXTRA_COMPILER_FLAGS=-g -DARMR5 -Wall -Wextra -m
float-abi=hard -mfpu=vfpv3-d16 -Os -flto -ffat-lto-objects"

"Running Make include in psu_cortexr5_0/libsrc/coresightps_dcc_v1_8/src"

make -C psu_cortexr5_0/libsrc/coresightps_dcc_v1_8/src -s include  "SHELL=CMD" "COMPILER=armr5-none-eabi-gcc" "ASSEMBLER=armr5-
none-eabi-as" "ARCHIVER=armr5-none-eabi-ar" "COMPILER_FLAGS=  -O2 -c -mcpu=cortex-r5" "EXTRA_COMPILER_FLAGS=-g -DARMR5 -Wall -W
extra -mfloat-abi=hard -mfpu=vfpv3-d16 -Os -flto -ffat-lto-objects"

"Running Make include in psu_cortexr5_0/libsrc/cpu_cortexr5_v1_8/src"

make -C psu_cortexr5_0/libsrc/cpu_cortexr5_v1_8/src -s include  "SHELL=CMD" "COMPILER=armr5-none-eabi-gcc" "ASSEMBLER=armr5-non
e-eabi-as" "ARCHIVER=armr5-none-eabi-ar" "COMPILER_FLAGS=  -O2 -c -mcpu=cortex-r5" "EXTRA_COMPILER_FLAGS=-g -DARMR5 -Wall -Wext
ra -mfloat-abi=hard -mfpu=vfpv3-d16 -Os -flto -ffat-lto-objects"

"Running Make include in psu_cortexr5_0/libsrc/csudma_v1_7/src"

make -C psu_cortexr5_0/libsrc/csudma_v1_7/src -s include  "SHELL=CMD" "COMPILER=armr5-none-eabi-gcc" "ASSEMBLER=armr5-none-eabi
-as" "ARCHIVER=armr5-none-eabi-ar" "COMPILER_FLAGS=  -O2 -c -mcpu=cortex-r5" "EXTRA_COMPILER_FLAGS=-g -DARMR5 -Wall -Wextra -mf
loat-abi=hard -mfpu=vfpv3-d16 -Os -flto -ffat-lto-objects"

"Running Make include in psu_cortexr5_0/libsrc/ddrcpsu_v1_3/src"

make -C psu_cortexr5_0/libsrc/ddrcpsu_v1_3/src -s include  "SHELL=CMD" "COMPILER=armr5-none-eabi-gcc" "ASSEMBLER=armr5-none-eab
i-as" "ARCHIVER=armr5-none-eabi-ar" "COMPILER_FLAGS=  -O2 -c -mcpu=cortex-r5" "EXTRA_COMPILER_FLAGS=-g -DARMR5 -Wall -Wextra -m
float-abi=hard -mfpu=vfpv3-d16 -Os -flto -ffat-lto-objects"

"Running Make include in psu_cortexr5_0/libsrc/emacps_v3_12/src"

make -C psu_cortexr5_0/libsrc/emacps_v3_12/src -s include  "SHELL=CMD" "COMPILER=armr5-none-eabi-gcc" "ASSEMBLER=armr5-none-eab
i-as" "ARCHIVER=armr5-none-eabi-ar" "COMPILER_FLAGS=  -O2 -c -mcpu=cortex-r5" "EXTRA_COMPILER_FLAGS=-g -DARMR5 -Wall -Wextra -m
float-abi=hard -mfpu=vfpv3-d16 -Os -flto -ffat-lto-objects"

"Running Make include in psu_cortexr5_0/libsrc/gpiops_v3_8/src"

make -C psu_cortexr5_0/libsrc/gpiops_v3_8/src -s include  "SHELL=CMD" "COMPILER=armr5-none-eabi-gcc" "ASSEMBLER=armr5-none-eabi
-as" "ARCHIVER=armr5-none-eabi-ar" "COMPILER_FLAGS=  -O2 -c -mcpu=cortex-r5" "EXTRA_COMPILER_FLAGS=-g -DARMR5 -Wall -Wextra -mf
loat-abi=hard -mfpu=vfpv3-d16 -Os -flto -ffat-lto-objects"

"Running Make include in psu_cortexr5_0/libsrc/ipipsu_v2_7/src"

make -C psu_cortexr5_0/libsrc/ipipsu_v2_7/src -s include  "SHELL=CMD" "COMPILER=armr5-none-eabi-gcc" "ASSEMBLER=armr5-none-eabi
-as" "ARCHIVER=armr5-none-eabi-ar" "COMPILER_FLAGS=  -O2 -c -mcpu=cortex-r5" "EXTRA_COMPILER_FLAGS=-g -DARMR5 -Wall -Wextra -mf
loat-abi=hard -mfpu=vfpv3-d16 -Os -flto -ffat-lto-objects"

"Running Make include in psu_cortexr5_0/libsrc/qspipsu_v1_12/src"

make -C psu_cortexr5_0/libsrc/qspipsu_v1_12/src -s include  "SHELL=CMD" "COMPILER=armr5-none-eabi-gcc" "ASSEMBLER=armr5-none-ea
bi-as" "ARCHIVER=armr5-none-eabi-ar" "COMPILER_FLAGS=  -O2 -c -mcpu=cortex-r5" "EXTRA_COMPILER_FLAGS=-g -DARMR5 -Wall -Wextra -
mfloat-abi=hard -mfpu=vfpv3-d16 -Os -flto -ffat-lto-objects"

"Running Make include in psu_cortexr5_0/libsrc/resetps_v1_4/src"

make -C psu_cortexr5_0/libsrc/resetps_v1_4/src -s include  "SHELL=CMD" "COMPILER=armr5-none-eabi-gcc" "ASSEMBLER=armr5-none-eab
i-as" "ARCHIVER=armr5-none-eabi-ar" "COMPILER_FLAGS=  -O2 -c -mcpu=cortex-r5" "EXTRA_COMPILER_FLAGS=-g -DARMR5 -Wall -Wextra -m
float-abi=hard -mfpu=vfpv3-d16 -Os -flto -ffat-lto-objects"

"Running Make include in psu_cortexr5_0/libsrc/rtcpsu_v1_10/src"

make -C psu_cortexr5_0/libsrc/rtcpsu_v1_10/src -s include  "SHELL=CMD" "COMPILER=armr5-none-eabi-gcc" "ASSEMBLER=armr5-none-eab
i-as" "ARCHIVER=armr5-none-eabi-ar" "COMPILER_FLAGS=  -O2 -c -mcpu=cortex-r5" "EXTRA_COMPILER_FLAGS=-g -DARMR5 -Wall -Wextra -m
float-abi=hard -mfpu=vfpv3-d16 -Os -flto -ffat-lto-objects"

"Running Make include in psu_cortexr5_0/libsrc/scugic_v4_3/src"

make -C psu_cortexr5_0/libsrc/scugic_v4_3/src -s include  "SHELL=CMD" "COMPILER=armr5-none-eabi-gcc" "ASSEMBLER=armr5-none-eabi
-as" "ARCHIVER=armr5-none-eabi-ar" "COMPILER_FLAGS=  -O2 -c -mcpu=cortex-r5" "EXTRA_COMPILER_FLAGS=-g -DARMR5 -Wall -Wextra -mf
loat-abi=hard -mfpu=vfpv3-d16 -Os -flto -ffat-lto-objects"

"Running Make include in psu_cortexr5_0/libsrc/sdps_v3_10/src"

make -C psu_cortexr5_0/libsrc/sdps_v3_10/src -s include  "SHELL=CMD" "COMPILER=armr5-none-eabi-gcc" "ASSEMBLER=armr5-none-eabi-
as" "ARCHIVER=armr5-none-eabi-ar" "COMPILER_FLAGS=  -O2 -c -mcpu=cortex-r5" "EXTRA_COMPILER_FLAGS=-g -DARMR5 -Wall -Wextra -mfl
oat-abi=hard -mfpu=vfpv3-d16 -Os -flto -ffat-lto-objects"

"Running Make include in psu_cortexr5_0/libsrc/spips_v3_5/src"

make -C psu_cortexr5_0/libsrc/spips_v3_5/src -s include  "SHELL=CMD" "COMPILER=armr5-none-eabi-gcc" "ASSEMBLER=armr5-none-eabi-
as" "ARCHIVER=armr5-none-eabi-ar" "COMPILER_FLAGS=  -O2 -c -mcpu=cortex-r5" "EXTRA_COMPILER_FLAGS=-g -DARMR5 -Wall -Wextra -mfl
oat-abi=hard -mfpu=vfpv3-d16 -Os -flto -ffat-lto-objects"

"Running Make include in psu_cortexr5_0/libsrc/standalone_v7_3/src"

make -C psu_cortexr5_0/libsrc/standalone_v7_3/src -s include  "SHELL=CMD" "COMPILER=armr5-none-eabi-gcc" "ASSEMBLER=armr5-none-
eabi-as" "ARCHIVER=armr5-none-eabi-ar" "COMPILER_FLAGS=  -O2 -c -mcpu=cortex-r5" "EXTRA_COMPILER_FLAGS=-g -DARMR5 -Wall -Wextra
 -mfloat-abi=hard -mfpu=vfpv3-d16 -Os -flto -ffat-lto-objects"

"Running Make include in psu_cortexr5_0/libsrc/sysmonpsu_v2_7/src"

make -C psu_cortexr5_0/libsrc/sysmonpsu_v2_7/src -s include  "SHELL=CMD" "COMPILER=armr5-none-eabi-gcc" "ASSEMBLER=armr5-none-e
abi-as" "ARCHIVER=armr5-none-eabi-ar" "COMPILER_FLAGS=  -O2 -c -mcpu=cortex-r5" "EXTRA_COMPILER_FLAGS=-g -DARMR5 -Wall -Wextra 
-mfloat-abi=hard -mfpu=vfpv3-d16 -Os -flto -ffat-lto-objects"

"Running Make include in psu_cortexr5_0/libsrc/ttcps_v3_12/src"

make -C psu_cortexr5_0/libsrc/ttcps_v3_12/src -s include  "SHELL=CMD" "COMPILER=armr5-none-eabi-gcc" "ASSEMBLER=armr5-none-eabi
-as" "ARCHIVER=armr5-none-eabi-ar" "COMPILER_FLAGS=  -O2 -c -mcpu=cortex-r5" "EXTRA_COMPILER_FLAGS=-g -DARMR5 -Wall -Wextra -mf
loat-abi=hard -mfpu=vfpv3-d16 -Os -flto -ffat-lto-objects"

"Running Make include in psu_cortexr5_0/libsrc/uartns550_v3_7/src"

make -C psu_cortexr5_0/libsrc/uartns550_v3_7/src -s include  "SHELL=CMD" "COMPILER=armr5-none-eabi-gcc" "ASSEMBLER=armr5-none-e
abi-as" "ARCHIVER=armr5-none-eabi-ar" "COMPILER_FLAGS=  -O2 -c -mcpu=cortex-r5" "EXTRA_COMPILER_FLAGS=-g -DARMR5 -Wall -Wextra 
-mfloat-abi=hard -mfpu=vfpv3-d16 -Os -flto -ffat-lto-objects"

"Running Make include in psu_cortexr5_0/libsrc/uartps_v3_10/src"

make -C psu_cortexr5_0/libsrc/uartps_v3_10/src -s include  "SHELL=CMD" "COMPILER=armr5-none-eabi-gcc" "ASSEMBLER=armr5-none-eab
i-as" "ARCHIVER=armr5-none-eabi-ar" "COMPILER_FLAGS=  -O2 -c -mcpu=cortex-r5" "EXTRA_COMPILER_FLAGS=-g -DARMR5 -Wall -Wextra -m
float-abi=hard -mfpu=vfpv3-d16 -Os -flto -ffat-lto-objects"

"Running Make include in psu_cortexr5_0/libsrc/wdtps_v3_4/src"

make -C psu_cortexr5_0/libsrc/wdtps_v3_4/src -s include  "SHELL=CMD" "COMPILER=armr5-none-eabi-gcc" "ASSEMBLER=armr5-none-eabi-
as" "ARCHIVER=armr5-none-eabi-ar" "COMPILER_FLAGS=  -O2 -c -mcpu=cortex-r5" "EXTRA_COMPILER_FLAGS=-g -DARMR5 -Wall -Wextra -mfl
oat-abi=hard -mfpu=vfpv3-d16 -Os -flto -ffat-lto-objects"

"Running Make include in psu_cortexr5_0/libsrc/xilffs_v4_4/src"

make -C psu_cortexr5_0/libsrc/xilffs_v4_4/src -s include  "SHELL=CMD" "COMPILER=armr5-none-eabi-gcc" "ASSEMBLER=armr5-none-eabi
-as" "ARCHIVER=armr5-none-eabi-ar" "COMPILER_FLAGS=  -O2 -c -mcpu=cortex-r5" "EXTRA_COMPILER_FLAGS=-g -DARMR5 -Wall -Wextra -mf
loat-abi=hard -mfpu=vfpv3-d16 -Os -flto -ffat-lto-objects"

"Running Make include in psu_cortexr5_0/libsrc/xilpm_v3_2/src"

make -C psu_cortexr5_0/libsrc/xilpm_v3_2/src -s include  "SHELL=CMD" "COMPILER=armr5-none-eabi-gcc" "ASSEMBLER=armr5-none-eabi-
as" "ARCHIVER=armr5-none-eabi-ar" "COMPILER_FLAGS=  -O2 -c -mcpu=cortex-r5" "EXTRA_COMPILER_FLAGS=-g -DARMR5 -Wall -Wextra -mfl
oat-abi=hard -mfpu=vfpv3-d16 -Os -flto -ffat-lto-objects"

"Running Make include in psu_cortexr5_0/libsrc/xilsecure_v4_3/src"

make -C psu_cortexr5_0/libsrc/xilsecure_v4_3/src -s include  "SHELL=CMD" "COMPILER=armr5-none-eabi-gcc" "ASSEMBLER=armr5-none-e
abi-as" "ARCHIVER=armr5-none-eabi-ar" "COMPILER_FLAGS=  -O2 -c -mcpu=cortex-r5" "EXTRA_COMPILER_FLAGS=-g -DARMR5 -Wall -Wextra 
-mfloat-abi=hard -mfpu=vfpv3-d16 -Os -flto -ffat-lto-objects"

"Include files for this library have already been copied."

"Running Make include in psu_cortexr5_0/libsrc/zdma_v1_10/src"

make -C psu_cortexr5_0/libsrc/zdma_v1_10/src -s include  "SHELL=CMD" "COMPILER=armr5-none-eabi-gcc" "ASSEMBLER=armr5-none-eabi-
as" "ARCHIVER=armr5-none-eabi-ar" "COMPILER_FLAGS=  -O2 -c -mcpu=cortex-r5" "EXTRA_COMPILER_FLAGS=-g -DARMR5 -Wall -Wextra -mfl
oat-abi=hard -mfpu=vfpv3-d16 -Os -flto -ffat-lto-objects"

"Running Make libs in psu_cortexr5_0/libsrc/axipmon_v6_9/src"

make -C psu_cortexr5_0/libsrc/axipmon_v6_9/src -s libs  "SHELL=CMD" "COMPILER=armr5-none-eabi-gcc" "ASSEMBLER=armr5-none-eabi-a
s" "ARCHIVER=armr5-none-eabi-ar" "COMPILER_FLAGS=  -O2 -c -mcpu=cortex-r5" "EXTRA_COMPILER_FLAGS=-g -DARMR5 -Wall -Wextra -mflo
at-abi=hard -mfpu=vfpv3-d16 -Os -flto -ffat-lto-objects"

"Running Make libs in psu_cortexr5_0/libsrc/canps_v3_5/src"

make -C psu_cortexr5_0/libsrc/canps_v3_5/src -s libs  "SHELL=CMD" "COMPILER=armr5-none-eabi-gcc" "ASSEMBLER=armr5-none-eabi-as"
 "ARCHIVER=armr5-none-eabi-ar" "COMPILER_FLAGS=  -O2 -c -mcpu=cortex-r5" "EXTRA_COMPILER_FLAGS=-g -DARMR5 -Wall -Wextra -mfloat
-abi=hard -mfpu=vfpv3-d16 -Os -flto -ffat-lto-objects"

"Running Make libs in psu_cortexr5_0/libsrc/clockps_v1_3/src"

make -C psu_cortexr5_0/libsrc/clockps_v1_3/src -s libs  "SHELL=CMD" "COMPILER=armr5-none-eabi-gcc" "ASSEMBLER=armr5-none-eabi-a
s" "ARCHIVER=armr5-none-eabi-ar" "COMPILER_FLAGS=  -O2 -c -mcpu=cortex-r5" "EXTRA_COMPILER_FLAGS=-g -DARMR5 -Wall -Wextra -mflo
at-abi=hard -mfpu=vfpv3-d16 -Os -flto -ffat-lto-objects"

"Running Make libs in psu_cortexr5_0/libsrc/coresightps_dcc_v1_8/src"

make -C psu_cortexr5_0/libsrc/coresightps_dcc_v1_8/src -s libs  "SHELL=CMD" "COMPILER=armr5-none-eabi-gcc" "ASSEMBLER=armr5-non
e-eabi-as" "ARCHIVER=armr5-none-eabi-ar" "COMPILER_FLAGS=  -O2 -c -mcpu=cortex-r5" "EXTRA_COMPILER_FLAGS=-g -DARMR5 -Wall -Wext
ra -mfloat-abi=hard -mfpu=vfpv3-d16 -Os -flto -ffat-lto-objects"

"Running Make libs in psu_cortexr5_0/libsrc/cpu_cortexr5_v1_8/src"

make -C psu_cortexr5_0/libsrc/cpu_cortexr5_v1_8/src -s libs  "SHELL=CMD" "COMPILER=armr5-none-eabi-gcc" "ASSEMBLER=armr5-none-e
abi-as" "ARCHIVER=armr5-none-eabi-ar" "COMPILER_FLAGS=  -O2 -c -mcpu=cortex-r5" "EXTRA_COMPILER_FLAGS=-g -DARMR5 -Wall -Wextra 
-mfloat-abi=hard -mfpu=vfpv3-d16 -Os -flto -ffat-lto-objects"

"Running Make libs in psu_cortexr5_0/libsrc/csudma_v1_7/src"

make -C psu_cortexr5_0/libsrc/csudma_v1_7/src -s libs  "SHELL=CMD" "COMPILER=armr5-none-eabi-gcc" "ASSEMBLER=armr5-none-eabi-as
" "ARCHIVER=armr5-none-eabi-ar" "COMPILER_FLAGS=  -O2 -c -mcpu=cortex-r5" "EXTRA_COMPILER_FLAGS=-g -DARMR5 -Wall -Wextra -mfloa
t-abi=hard -mfpu=vfpv3-d16 -Os -flto -ffat-lto-objects"

"Running Make libs in psu_cortexr5_0/libsrc/ddrcpsu_v1_3/src"

make -C psu_cortexr5_0/libsrc/ddrcpsu_v1_3/src -s libs  "SHELL=CMD" "COMPILER=armr5-none-eabi-gcc" "ASSEMBLER=armr5-none-eabi-a
s" "ARCHIVER=armr5-none-eabi-ar" "COMPILER_FLAGS=  -O2 -c -mcpu=cortex-r5" "EXTRA_COMPILER_FLAGS=-g -DARMR5 -Wall -Wextra -mflo
at-abi=hard -mfpu=vfpv3-d16 -Os -flto -ffat-lto-objects"

"Running Make libs in psu_cortexr5_0/libsrc/emacps_v3_12/src"

make -C psu_cortexr5_0/libsrc/emacps_v3_12/src -s libs  "SHELL=CMD" "COMPILER=armr5-none-eabi-gcc" "ASSEMBLER=armr5-none-eabi-a
s" "ARCHIVER=armr5-none-eabi-ar" "COMPILER_FLAGS=  -O2 -c -mcpu=cortex-r5" "EXTRA_COMPILER_FLAGS=-g -DARMR5 -Wall -Wextra -mflo
at-abi=hard -mfpu=vfpv3-d16 -Os -flto -ffat-lto-objects"

"Running Make libs in psu_cortexr5_0/libsrc/gpiops_v3_8/src"

make -C psu_cortexr5_0/libsrc/gpiops_v3_8/src -s libs  "SHELL=CMD" "COMPILER=armr5-none-eabi-gcc" "ASSEMBLER=armr5-none-eabi-as
" "ARCHIVER=armr5-none-eabi-ar" "COMPILER_FLAGS=  -O2 -c -mcpu=cortex-r5" "EXTRA_COMPILER_FLAGS=-g -DARMR5 -Wall -Wextra -mfloa
t-abi=hard -mfpu=vfpv3-d16 -Os -flto -ffat-lto-objects"

"Running Make libs in psu_cortexr5_0/libsrc/ipipsu_v2_7/src"

make -C psu_cortexr5_0/libsrc/ipipsu_v2_7/src -s libs  "SHELL=CMD" "COMPILER=armr5-none-eabi-gcc" "ASSEMBLER=armr5-none-eabi-as
" "ARCHIVER=armr5-none-eabi-ar" "COMPILER_FLAGS=  -O2 -c -mcpu=cortex-r5" "EXTRA_COMPILER_FLAGS=-g -DARMR5 -Wall -Wextra -mfloa
t-abi=hard -mfpu=vfpv3-d16 -Os -flto -ffat-lto-objects"

"Running Make libs in psu_cortexr5_0/libsrc/qspipsu_v1_12/src"

make -C psu_cortexr5_0/libsrc/qspipsu_v1_12/src -s libs  "SHELL=CMD" "COMPILER=armr5-none-eabi-gcc" "ASSEMBLER=armr5-none-eabi-
as" "ARCHIVER=armr5-none-eabi-ar" "COMPILER_FLAGS=  -O2 -c -mcpu=cortex-r5" "EXTRA_COMPILER_FLAGS=-g -DARMR5 -Wall -Wextra -mfl
oat-abi=hard -mfpu=vfpv3-d16 -Os -flto -ffat-lto-objects"

"Running Make libs in psu_cortexr5_0/libsrc/resetps_v1_4/src"

make -C psu_cortexr5_0/libsrc/resetps_v1_4/src -s libs  "SHELL=CMD" "COMPILER=armr5-none-eabi-gcc" "ASSEMBLER=armr5-none-eabi-a
s" "ARCHIVER=armr5-none-eabi-ar" "COMPILER_FLAGS=  -O2 -c -mcpu=cortex-r5" "EXTRA_COMPILER_FLAGS=-g -DARMR5 -Wall -Wextra -mflo
at-abi=hard -mfpu=vfpv3-d16 -Os -flto -ffat-lto-objects"

"Running Make libs in psu_cortexr5_0/libsrc/rtcpsu_v1_10/src"

make -C psu_cortexr5_0/libsrc/rtcpsu_v1_10/src -s libs  "SHELL=CMD" "COMPILER=armr5-none-eabi-gcc" "ASSEMBLER=armr5-none-eabi-a
s" "ARCHIVER=armr5-none-eabi-ar" "COMPILER_FLAGS=  -O2 -c -mcpu=cortex-r5" "EXTRA_COMPILER_FLAGS=-g -DARMR5 -Wall -Wextra -mflo
at-abi=hard -mfpu=vfpv3-d16 -Os -flto -ffat-lto-objects"

"Running Make libs in psu_cortexr5_0/libsrc/scugic_v4_3/src"

make -C psu_cortexr5_0/libsrc/scugic_v4_3/src -s libs  "SHELL=CMD" "COMPILER=armr5-none-eabi-gcc" "ASSEMBLER=armr5-none-eabi-as
" "ARCHIVER=armr5-none-eabi-ar" "COMPILER_FLAGS=  -O2 -c -mcpu=cortex-r5" "EXTRA_COMPILER_FLAGS=-g -DARMR5 -Wall -Wextra -mfloa
t-abi=hard -mfpu=vfpv3-d16 -Os -flto -ffat-lto-objects"

"Running Make libs in psu_cortexr5_0/libsrc/sdps_v3_10/src"

make -C psu_cortexr5_0/libsrc/sdps_v3_10/src -s libs  "SHELL=CMD" "COMPILER=armr5-none-eabi-gcc" "ASSEMBLER=armr5-none-eabi-as"
 "ARCHIVER=armr5-none-eabi-ar" "COMPILER_FLAGS=  -O2 -c -mcpu=cortex-r5" "EXTRA_COMPILER_FLAGS=-g -DARMR5 -Wall -Wextra -mfloat
-abi=hard -mfpu=vfpv3-d16 -Os -flto -ffat-lto-objects"

"Running Make libs in psu_cortexr5_0/libsrc/spips_v3_5/src"

make -C psu_cortexr5_0/libsrc/spips_v3_5/src -s libs  "SHELL=CMD" "COMPILER=armr5-none-eabi-gcc" "ASSEMBLER=armr5-none-eabi-as"
 "ARCHIVER=armr5-none-eabi-ar" "COMPILER_FLAGS=  -O2 -c -mcpu=cortex-r5" "EXTRA_COMPILER_FLAGS=-g -DARMR5 -Wall -Wextra -mfloat
-abi=hard -mfpu=vfpv3-d16 -Os -flto -ffat-lto-objects"

"Running Make libs in psu_cortexr5_0/libsrc/standalone_v7_3/src"

"Running Make libs in psu_cortexr5_0/libsrc/sysmonpsu_v2_7/src"

make -C psu_cortexr5_0/libsrc/standalone_v7_3/src -s libs  "SHELL=CMD" "COMPILER=armr5-none-eabi-gcc" "ASSEMBLER=armr5-none-eab
i-as" "ARCHIVER=armr5-none-eabi-ar" "COMPILER_FLAGS=  -O2 -c -mcpu=cortex-r5" "EXTRA_COMPILER_FLAGS=-g -DARMR5 -Wall -Wextra -m
float-abi=hard -mfpu=vfpv3-d16 -Os -flto -ffat-lto-objects"

"Running Make libs in psu_cortexr5_0/libsrc/ttcps_v3_12/src"

make -C psu_cortexr5_0/libsrc/sysmonpsu_v2_7/src -s libs  "SHELL=CMD" "COMPILER=armr5-none-eabi-gcc" "ASSEMBLER=armr5-none-eabi
-as" "ARCHIVER=armr5-none-eabi-ar" "COMPILER_FLAGS=  -O2 -c -mcpu=cortex-r5" "EXTRA_COMPILER_FLAGS=-g -DARMR5 -Wall -Wextra -mf
loat-abi=hard -mfpu=vfpv3-d16 -Os -flto -ffat-lto-objects"

make -C psu_cortexr5_0/libsrc/ttcps_v3_12/src -s libs  "SHELL=CMD" "COMPILER=armr5-none-eabi-gcc" "ASSEMBLER=armr5-none-eabi-as
" "ARCHIVER=armr5-none-eabi-ar" "COMPILER_FLAGS=  -O2 -c -mcpu=cortex-r5" "EXTRA_COMPILER_FLAGS=-g -DARMR5 -Wall -Wextra -mfloa
t-abi=hard -mfpu=vfpv3-d16 -Os -flto -ffat-lto-objects"

"Running Make libs in psu_cortexr5_0/libsrc/uartns550_v3_7/src"

make -C psu_cortexr5_0/libsrc/uartns550_v3_7/src -s libs  "SHELL=CMD" "COMPILER=armr5-none-eabi-gcc" "ASSEMBLER=armr5-none-eabi
-as" "ARCHIVER=armr5-none-eabi-ar" "COMPILER_FLAGS=  -O2 -c -mcpu=cortex-r5" "EXTRA_COMPILER_FLAGS=-g -DARMR5 -Wall -Wextra -mf
loat-abi=hard -mfpu=vfpv3-d16 -Os -flto -ffat-lto-objects"

"Running Make libs in psu_cortexr5_0/libsrc/uartps_v3_10/src"

make -C psu_cortexr5_0/libsrc/uartps_v3_10/src -s libs  "SHELL=CMD" "COMPILER=armr5-none-eabi-gcc" "ASSEMBLER=armr5-none-eabi-a
s" "ARCHIVER=armr5-none-eabi-ar" "COMPILER_FLAGS=  -O2 -c -mcpu=cortex-r5" "EXTRA_COMPILER_FLAGS=-g -DARMR5 -Wall -Wextra -mflo
at-abi=hard -mfpu=vfpv3-d16 -Os -flto -ffat-lto-objects"

"Running Make libs in psu_cortexr5_0/libsrc/wdtps_v3_4/src"

make -C psu_cortexr5_0/libsrc/wdtps_v3_4/src -s libs  "SHELL=CMD" "COMPILER=armr5-none-eabi-gcc" "ASSEMBLER=armr5-none-eabi-as"
 "ARCHIVER=armr5-none-eabi-ar" "COMPILER_FLAGS=  -O2 -c -mcpu=cortex-r5" "EXTRA_COMPILER_FLAGS=-g -DARMR5 -Wall -Wextra -mfloat
-abi=hard -mfpu=vfpv3-d16 -Os -flto -ffat-lto-objects"

"Running Make libs in psu_cortexr5_0/libsrc/xilffs_v4_4/src"

make -C psu_cortexr5_0/libsrc/xilffs_v4_4/src -s libs  "SHELL=CMD" "COMPILER=armr5-none-eabi-gcc" "ASSEMBLER=armr5-none-eabi-as
" "ARCHIVER=armr5-none-eabi-ar" "COMPILER_FLAGS=  -O2 -c -mcpu=cortex-r5" "EXTRA_COMPILER_FLAGS=-g -DARMR5 -Wall -Wextra -mfloa
t-abi=hard -mfpu=vfpv3-d16 -Os -flto -ffat-lto-objects"

"Running Make libs in psu_cortexr5_0/libsrc/zdma_v1_10/src"

make -C psu_cortexr5_0/libsrc/zdma_v1_10/src -s libs  "SHELL=CMD" "COMPILER=armr5-none-eabi-gcc" "ASSEMBLER=armr5-none-eabi-as"
 "ARCHIVER=armr5-none-eabi-ar" "COMPILER_FLAGS=  -O2 -c -mcpu=cortex-r5" "EXTRA_COMPILER_FLAGS=-g -DARMR5 -Wall -Wextra -mfloat
-abi=hard -mfpu=vfpv3-d16 -Os -flto -ffat-lto-objects"

In file included from usleep.c:45:
xtime_l.h:68:9: note: #pragma message: For the sleep routines, TTC3/TTC2 is used
   68 | #pragma message ("For the sleep routines, TTC3/TTC2 is used")
      |         ^~~~~~~
In file included from xpm_counter.c:49:
xtime_l.h:68:9: note: #pragma message: For the sleep routines, TTC3/TTC2 is used
   68 | #pragma message ("For the sleep routines, TTC3/TTC2 is used")
      |         ^~~~~~~
xpm_counter.c: In function 'Xpm_SetEvents':
xpm_counter.c:347:2: warning: 'PmcrEventCfg32' is deprecated [-Wdeprecated-declarations]
  347 |  static PmcrEventCfg32 PmcrEvents[] = {
      |  ^~~~~~
xuartns550_g.c:29:2: warning: missing initializer for field 'DefaultBaudRate' of 'XUartNs550_Config' {aka 'struct <anonymous>'} [-Wmissing-field-initializers]
   29 |  },
      |  ^
In file included from xuartns550_g.c:17:
xuartns550.h:297:6: note: 'DefaultBaudRate' declared here
  297 |  u32 DefaultBaudRate; /**< Baud Rate in bps, ie 1200 */
      |      ^~~~~~~~~~~~~~~
xuartns550_g.c:34:2: warning: missing initializer for field 'DefaultBaudRate' of 'XUartNs550_Config' {aka 'struct <anonymous>'} [-Wmissing-field-initializers]
   34 |  },
      |  ^
In file included from xuartns550_g.c:17:
xuartns550.h:297:6: note: 'DefaultBaudRate' declared here
  297 |  u32 DefaultBaudRate; /**< Baud Rate in bps, ie 1200 */
      |      ^~~~~~~~~~~~~~~
xuartns550_g.c:39:2: warning: missing initializer for field 'DefaultBaudRate' of 'XUartNs550_Config' {aka 'struct <anonymous>'} [-Wmissing-field-initializers]
   39 |  },
      |  ^
In file included from xuartns550_g.c:17:
xuartns550.h:297:6: note: 'DefaultBaudRate' declared here
  297 |  u32 DefaultBaudRate; /**< Baud Rate in bps, ie 1200 */
      |      ^~~~~~~~~~~~~~~
xuartns550_g.c:44:2: warning: missing initializer for field 'DefaultBaudRate' of 'XUartNs550_Config' {aka 'struct <anonymous>'} [-Wmissing-field-initializers]
   44 |  },
      |  ^
In file included from xuartns550_g.c:17:
xuartns550.h:297:6: note: 'DefaultBaudRate' declared here
  297 |  u32 DefaultBaudRate; /**< Baud Rate in bps, ie 1200 */
      |      ^~~~~~~~~~~~~~~
xuartns550_g.c:49:2: warning: missing initializer for field 'DefaultBaudRate' of 'XUartNs550_Config' {aka 'struct <anonymous>'} [-Wmissing-field-initializers]
   49 |  },
      |  ^
In file included from xuartns550_g.c:17:
xuartns550.h:297:6: note: 'DefaultBaudRate' declared here
  297 |  u32 DefaultBaudRate; /**< Baud Rate in bps, ie 1200 */
      |      ^~~~~~~~~~~~~~~
xuartns550_g.c:54:2: warning: missing initializer for field 'DefaultBaudRate' of 'XUartNs550_Config' {aka 'struct <anonymous>'} [-Wmissing-field-initializers]
   54 |  },
      |  ^
In file included from xuartns550_g.c:17:
xuartns550.h:297:6: note: 'DefaultBaudRate' declared here
  297 |  u32 DefaultBaudRate; /**< Baud Rate in bps, ie 1200 */
      |      ^~~~~~~~~~~~~~~
xuartns550_g.c:59:2: warning: missing initializer for field 'DefaultBaudRate' of 'XUartNs550_Config' {aka 'struct <anonymous>'} [-Wmissing-field-initializers]
   59 |  },
      |  ^
In file included from xuartns550_g.c:17:
xuartns550.h:297:6: note: 'DefaultBaudRate' declared here
  297 |  u32 DefaultBaudRate; /**< Baud Rate in bps, ie 1200 */
      |      ^~~~~~~~~~~~~~~
xuartns550_g.c:64:2: warning: missing initializer for field 'DefaultBaudRate' of 'XUartNs550_Config' {aka 'struct <anonymous>'} [-Wmissing-field-initializers]
   64 |  }
      |  ^
In file included from xuartns550_g.c:17:
xuartns550.h:297:6: note: 'DefaultBaudRate' declared here
  297 |  u32 DefaultBaudRate; /**< Baud Rate in bps, ie 1200 */
      |      ^~~~~~~~~~~~~~~
In file included from xil_sleeptimer.c:32:
xtime_l.h:68:9: note: #pragma message: For the sleep routines, TTC3/TTC2 is used
   68 | #pragma message ("For the sleep routines, TTC3/TTC2 is used")
      |         ^~~~~~~
In file included from xtime_l.c:44:
xtime_l.h:68:9: note: #pragma message: For the sleep routines, TTC3/TTC2 is used
   68 | #pragma message ("For the sleep routines, TTC3/TTC2 is used")
      |         ^~~~~~~
In file included from sleep.c:44:
xtime_l.h:68:9: note: #pragma message: For the sleep routines, TTC3/TTC2 is used
   68 | #pragma message ("For the sleep routines, TTC3/TTC2 is used")
      |         ^~~~~~~
'Finished building libraries parallelly.'

make --no-print-directory archive

armr5-none-eabi-ar -r  psu_cortexr5_0/lib/libxil.a psu_cortexr5_0/lib/xrtcpsu_intr.o psu_cortexr5_0/lib/xuartns550_g.o psu_cort
exr5_0/lib/xuartns550_format.o psu_cortexr5_0/lib/xplatform_info.o psu_cortexr5_0/lib/xil_mem.o psu_cortexr5_0/lib/xspips_sinit
.o psu_cortexr5_0/lib/_exit.o psu_cortexr5_0/lib/xspips_selftest.o psu_cortexr5_0/lib/xipipsu_buf.o psu_cortexr5_0/lib/xil_slee
ptimer.o psu_cortexr5_0/lib/xsdps_options.o psu_cortexr5_0/lib/xclockps_mux.o psu_cortexr5_0/lib/xemacps_hw.o psu_cortexr5_0/li
b/inbyte.o psu_cortexr5_0/lib/xttcps_sinit.o psu_cortexr5_0/lib/xttcps_selftest.o psu_cortexr5_0/lib/xgpiops_g.o psu_cortexr5_0
/lib/xsdps.o psu_cortexr5_0/lib/close.o psu_cortexr5_0/lib/xaxipmon_g.o psu_cortexr5_0/lib/xemacps_g.o psu_cortexr5_0/lib/xgpio
ps_sinit.o psu_cortexr5_0/lib/xaxipmon_sinit.o psu_cortexr5_0/lib/xuartns550_intr.o psu_cortexr5_0/lib/xuartns550_options.o psu
_cortexr5_0/lib/xgpiops_selftest.o psu_cortexr5_0/lib/xaxipmon_selftest.o psu_cortexr5_0/lib/xsysmonpsu.o psu_cortexr5_0/lib/xc
lockps_fixedfactor.o psu_cortexr5_0/lib/xcanps_g.o psu_cortexr5_0/lib/xclockps_divider.o psu_cortexr5_0/lib/xzdma_g.o psu_corte
xr5_0/lib/xclockps_pll.o psu_cortexr5_0/lib/xcanps_sinit.o psu_cortexr5_0/lib/xil_printf.o psu_cortexr5_0/lib/kill.o psu_cortex
r5_0/lib/xclockps_gate.o psu_cortexr5_0/lib/xuartps_g.o psu_cortexr5_0/lib/xcanps_selftest.o psu_cortexr5_0/lib/xresetps.o psu_
cortexr5_0/lib/xuartps_sinit.o psu_cortexr5_0/lib/fcntl.o psu_cortexr5_0/lib/xcsudma_intr.o psu_cortexr5_0/lib/xqspipsu_options
.o psu_cortexr5_0/lib/outbyte.o psu_cortexr5_0/lib/lseek.o psu_cortexr5_0/lib/xgpiops_hw.o psu_cortexr5_0/lib/xspips.o psu_cort
exr5_0/lib/xil_testmem.o psu_cortexr5_0/lib/read.o psu_cortexr5_0/lib/usleep.o psu_cortexr5_0/lib/xscugic_intr.o psu_cortexr5_0
/lib/xipipsu_g.o psu_cortexr5_0/lib/xqspipsu_hw.o psu_cortexr5_0/lib/xil_testcache.o psu_cortexr5_0/lib/xipipsu_sinit.o psu_cor
texr5_0/lib/xcoresightpsdcc.o psu_cortexr5_0/lib/xttcps.o psu_cortexr5_0/lib/xpm_counter.o psu_cortexr5_0/lib/_sbrk.o psu_corte
xr5_0/lib/xemacps_sinit.o psu_cortexr5_0/lib/xsdps_g.o psu_cortexr5_0/lib/xgpiops.o psu_cortexr5_0/lib/xaxipmon.o psu_cortexr5_
0/lib/xsdps_sinit.o psu_cortexr5_0/lib/abort.o psu_cortexr5_0/lib/xrtcpsu_g.o psu_cortexr5_0/lib/xil_exception.o psu_cortexr5_0
/lib/xrtcpsu_sinit.o psu_cortexr5_0/lib/xil_mpu.o psu_cortexr5_0/lib/putnum.o psu_cortexr5_0/lib/xil_assert.o psu_cortexr5_0/li
b/xrtcpsu_selftest.o psu_cortexr5_0/lib/xcanps.o psu_cortexr5_0/lib/xzdma.o psu_cortexr5_0/lib/xemacps_intr.o psu_cortexr5_0/li
b/xsdps_host.o psu_cortexr5_0/lib/xscugic_hw.o psu_cortexr5_0/lib/xuartps.o psu_cortexr5_0/lib/xcsudma.o psu_cortexr5_0/lib/sle
ep.o psu_cortexr5_0/lib/xsysmonpsu_intr.o psu_cortexr5_0/lib/cpputest_time.o psu_cortexr5_0/lib/_open.o psu_cortexr5_0/lib/xttc
ps_options.o psu_cortexr5_0/lib/print.o psu_cortexr5_0/lib/xzdma_sinit.o psu_cortexr5_0/lib/xclockps_g.o psu_cortexr5_0/lib/xzd
ma_selftest.o psu_cortexr5_0/lib/xuartns550_l.o psu_cortexr5_0/lib/xwdtps_selftest.o psu_cortexr5_0/lib/xttcps_g.o psu_cortexr5
_0/lib/xclockps_sinit.o psu_cortexr5_0/lib/xipipsu.o psu_cortexr5_0/lib/xqspipsu_g.o psu_cortexr5_0/lib/xqspipsu_sinit.o psu_co
rtexr5_0/lib/xuartns550_selftest.o psu_cortexr5_0/lib/xemacps.o psu_cortexr5_0/lib/xil_cache.o psu_cortexr5_0/lib/xspips_g.o ps
u_cortexr5_0/lib/xil_testio.o psu_cortexr5_0/lib/unlink.o psu_cortexr5_0/lib/xqspipsu_control.o psu_cortexr5_0/lib/xcsudma_g.o 
psu_cortexr5_0/lib/xrtcpsu.o psu_cortexr5_0/lib/xcsudma_sinit.o psu_cortexr5_0/lib/xuartps_selftest.o psu_cortexr5_0/lib/write.
o psu_cortexr5_0/lib/boot.o psu_cortexr5_0/lib/xemacps_bdring.o psu_cortexr5_0/lib/xcsudma_selftest.o psu_cortexr5_0/lib/cpu_in
it.o psu_cortexr5_0/lib/xemacps_control.o psu_cortexr5_0/lib/xwdtps_g.o psu_cortexr5_0/lib/xspips_options.o psu_cortexr5_0/lib/
xil_sleepcommon.o psu_cortexr5_0/lib/xscugic_g.o psu_cortexr5_0/lib/xgpiops_intr.o psu_cortexr5_0/lib/xscugic_sinit.o psu_corte
xr5_0/lib/open.o psu_cortexr5_0/lib/xscugic_selftest.o psu_cortexr5_0/lib/xuartps_hw.o psu_cortexr5_0/lib/xuartns550_stats.o ps
u_cortexr5_0/lib/xspips_hw.o psu_cortexr5_0/lib/xtime_l.o psu_cortexr5_0/lib/xclockps.o psu_cortexr5_0/lib/xcanps_intr.o psu_co
rtexr5_0/lib/xzdma_intr.o psu_cortexr5_0/lib/xwdtps_sinit.o psu_cortexr5_0/lib/xil_util.o psu_cortexr5_0/lib/xuartps_intr.o psu
_cortexr5_0/lib/xuartns550.o psu_cortexr5_0/lib/xqspipsu.o psu_cortexr5_0/lib/xsdps_card.o psu_cortexr5_0/lib/xcanps_hw.o psu_c
ortexr5_0/lib/getpid.o psu_cortexr5_0/lib/sbrk.o psu_cortexr5_0/lib/xsysmonpsu_g.o psu_cortexr5_0/lib/fstat.o psu_cortexr5_0/li
b/errno.o psu_cortexr5_0/lib/xsysmonpsu_sinit.o psu_cortexr5_0/lib/xuartps_options.o psu_cortexr5_0/lib/vectors.o psu_cortexr5_
0/lib/xsysmonpsu_selftest.o psu_cortexr5_0/lib/asm_vectors.o psu_cortexr5_0/lib/xresetps_g.o psu_cortexr5_0/lib/xuartns550_sini
t.o psu_cortexr5_0/lib/xil_clocking.o psu_cortexr5_0/lib/xresetps_sinit.o psu_cortexr5_0/lib/xwdtps.o psu_cortexr5_0/lib/isatty
.o psu_cortexr5_0/lib/xil-crt0.o psu_cortexr5_0/lib/xscugic.o psu_cortexr5_0/lib/mpu.o

armr5-none-eabi-ar: creating psu_cortexr5_0/lib/libxil.a
'Finished building libraries'

make: Leaving directory 'C:/Users/SripadKulkarni/workspace/FC-200-CAN-HOLT/136T-2200-113050-001-F11-02/zynqmp_fsbl/zynqmp_fsbl_
bsp'

armr5-none-eabi-gcc -MMD -MP      -Wall -fmessage-length=0 -mcpu=cortex-r5 -mfloat-abi=hard -mfpu=vfpv3-d16 -DARMR5 -Os -flto -
ffat-lto-objects    -O2 -c -mcpu=cortex-r5 -c xfsbl_partition_load.c -o xfsbl_partition_load.o -Izynqmp_fsbl_bsp/psu_cortexr5_0
/include -I.

In file included from xfsbl_main.h:41,
                 from xfsbl_partition_load.c:52:
zynqmp_fsbl_bsp/psu_cortexr5_0/include/xtime_l.h:68:9: note: #pragma message: For the sleep routines, TTC3/TTC2 is used
   68 | #pragma message ("For the sleep routines, TTC3/TTC2 is used")
      |         ^~~~~~~
armr5-none-eabi-gcc -MMD -MP      -Wall -fmessage-length=0 -mcpu=cortex-r5 -mfloat-abi=hard -mfpu=vfpv3-d16 -DARMR5 -Os -flto -
ffat-lto-objects    -O2 -c -mcpu=cortex-r5 -c xfsbl_qspi.c -o xfsbl_qspi.o -Izynqmp_fsbl_bsp/psu_cortexr5_0/include -I.

armr5-none-eabi-gcc -MMD -MP      -Wall -fmessage-length=0 -mcpu=cortex-r5 -mfloat-abi=hard -mfpu=vfpv3-d16 -DARMR5 -Os -flto -
ffat-lto-objects    -O2 -c -mcpu=cortex-r5 -c xfsbl_csu_dma.c -o xfsbl_csu_dma.o -Izynqmp_fsbl_bsp/psu_cortexr5_0/include -I.

armr5-none-eabi-gcc -MMD -MP      -Wall -fmessage-length=0 -mcpu=cortex-r5 -mfloat-abi=hard -mfpu=vfpv3-d16 -DARMR5 -Os -flto -
ffat-lto-objects    -O2 -c -mcpu=cortex-r5 -c xfsbl_nand.c -o xfsbl_nand.o -Izynqmp_fsbl_bsp/psu_cortexr5_0/include -I.

armr5-none-eabi-gcc -MMD -MP      -Wall -fmessage-length=0 -mcpu=cortex-r5 -mfloat-abi=hard -mfpu=vfpv3-d16 -DARMR5 -Os -flto -
ffat-lto-objects    -O2 -c -mcpu=cortex-r5 -c xfsbl_usb.c -o xfsbl_usb.o -Izynqmp_fsbl_bsp/psu_cortexr5_0/include -I.

armr5-none-eabi-gcc -MMD -MP      -Wall -fmessage-length=0 -mcpu=cortex-r5 -mfloat-abi=hard -mfpu=vfpv3-d16 -DARMR5 -Os -flto -
ffat-lto-objects    -O2 -c -mcpu=cortex-r5 -c xfsbl_sd.c -o xfsbl_sd.o -Izynqmp_fsbl_bsp/psu_cortexr5_0/include -I.

In file included from xfsbl_main.h:41,
                 from xfsbl_sd.c:29:
zynqmp_fsbl_bsp/psu_cortexr5_0/include/xtime_l.h:68:9: note: #pragma message: For the sleep routines, TTC3/TTC2 is used
   68 | #pragma message ("For the sleep routines, TTC3/TTC2 is used")
      |         ^~~~~~~
armr5-none-eabi-gcc -MMD -MP      -Wall -fmessage-length=0 -mcpu=cortex-r5 -mfloat-abi=hard -mfpu=vfpv3-d16 -DARMR5 -Os -flto -
ffat-lto-objects    -O2 -c -mcpu=cortex-r5 -c xfsbl_hooks.c -o xfsbl_hooks.o -Izynqmp_fsbl_bsp/psu_cortexr5_0/include -I.

armr5-none-eabi-gcc -MMD -MP      -Wall -fmessage-length=0 -mcpu=cortex-r5 -mfloat-abi=hard -mfpu=vfpv3-d16 -DARMR5 -Os -flto -
ffat-lto-objects    -O2 -c -mcpu=cortex-r5 -c xfsbl_main.c -o xfsbl_main.o -Izynqmp_fsbl_bsp/psu_cortexr5_0/include -I.

In file included from xfsbl_main.h:41,
                 from xfsbl_main.c:32:
zynqmp_fsbl_bsp/psu_cortexr5_0/include/xtime_l.h:68:9: note: #pragma message: For the sleep routines, TTC3/TTC2 is used
   68 | #pragma message ("For the sleep routines, TTC3/TTC2 is used")
      |         ^~~~~~~
armr5-none-eabi-gcc -MMD -MP      -Wall -fmessage-length=0 -mcpu=cortex-r5 -mfloat-abi=hard -mfpu=vfpv3-d16 -DARMR5 -Os -flto -
ffat-lto-objects    -O2 -c -mcpu=cortex-r5 -c xfsbl_dfu_util.c -o xfsbl_dfu_util.o -Izynqmp_fsbl_bsp/psu_cortexr5_0/include -I.


armr5-none-eabi-gcc -MMD -MP      -Wall -fmessage-length=0 -mcpu=cortex-r5 -mfloat-abi=hard -mfpu=vfpv3-d16 -DARMR5 -Os -flto -
ffat-lto-objects    -O2 -c -mcpu=cortex-r5 -c xfsbl_initialization.c -o xfsbl_initialization.o -Izynqmp_fsbl_bsp/psu_cortexr5_0
/include -I.

In file included from xfsbl_main.h:41,
                 from xfsbl_initialization.c:55:
zynqmp_fsbl_bsp/psu_cortexr5_0/include/xtime_l.h:68:9: note: #pragma message: For the sleep routines, TTC3/TTC2 is used
   68 | #pragma message ("For the sleep routines, TTC3/TTC2 is used")
      |         ^~~~~~~
armr5-none-eabi-gcc -MMD -MP      -Wall -fmessage-length=0 -mcpu=cortex-r5 -mfloat-abi=hard -mfpu=vfpv3-d16 -DARMR5 -Os -flto -
ffat-lto-objects    -O2 -c -mcpu=cortex-r5 -c xfsbl_ddr_init.c -o xfsbl_ddr_init.o -Izynqmp_fsbl_bsp/psu_cortexr5_0/include -I.


armr5-none-eabi-gcc -MMD -MP      -Wall -fmessage-length=0 -mcpu=cortex-r5 -mfloat-abi=hard -mfpu=vfpv3-d16 -DARMR5 -Os -flto -
ffat-lto-objects    -O2 -c -mcpu=cortex-r5 -c xfsbl_handoff.c -o xfsbl_handoff.o -Izynqmp_fsbl_bsp/psu_cortexr5_0/include -I.

In file included from xfsbl_main.h:41,
                 from xfsbl_handoff.c:41:
zynqmp_fsbl_bsp/psu_cortexr5_0/include/xtime_l.h:68:9: note: #pragma message: For the sleep routines, TTC3/TTC2 is used
   68 | #pragma message ("For the sleep routines, TTC3/TTC2 is used")
      |         ^~~~~~~
armr5-none-eabi-gcc -MMD -MP      -Wall -fmessage-length=0 -mcpu=cortex-r5 -mfloat-abi=hard -mfpu=vfpv3-d16 -DARMR5 -Os -flto -
ffat-lto-objects    -O2 -c -mcpu=cortex-r5 -c psu_init.c -o psu_init.o -Izynqmp_fsbl_bsp/psu_cortexr5_0/include -I.

armr5-none-eabi-gcc -MMD -MP      -Wall -fmessage-length=0 -mcpu=cortex-r5 -mfloat-abi=hard -mfpu=vfpv3-d16 -DARMR5 -Os -flto -
ffat-lto-objects    -O2 -c -mcpu=cortex-r5 -c xfsbl_board.c -o xfsbl_board.o -Izynqmp_fsbl_bsp/psu_cortexr5_0/include -I.

armr5-none-eabi-gcc -MMD -MP      -Wall -fmessage-length=0 -mcpu=cortex-r5 -mfloat-abi=hard -mfpu=vfpv3-d16 -DARMR5 -Os -flto -
ffat-lto-objects    -O2 -c -mcpu=cortex-r5 -c xfsbl_misc_drivers.c -o xfsbl_misc_drivers.o -Izynqmp_fsbl_bsp/psu_cortexr5_0/inc
lude -I.

armr5-none-eabi-gcc -MMD -MP      -Wall -fmessage-length=0 -mcpu=cortex-r5 -mfloat-abi=hard -mfpu=vfpv3-d16 -DARMR5 -Os -flto -
ffat-lto-objects    -O2 -c -mcpu=cortex-r5 -c xfsbl_bs.c -o xfsbl_bs.o -Izynqmp_fsbl_bsp/psu_cortexr5_0/include -I.

In file included from xfsbl_main.h:41,
                 from xfsbl_bs.h:38,
                 from xfsbl_bs.c:32:
zynqmp_fsbl_bsp/psu_cortexr5_0/include/xtime_l.h:68:9: note: #pragma message: For the sleep routines, TTC3/TTC2 is used
   68 | #pragma message ("For the sleep routines, TTC3/TTC2 is used")
      |         ^~~~~~~
armr5-none-eabi-gcc -MMD -MP      -Wall -fmessage-length=0 -mcpu=cortex-r5 -mfloat-abi=hard -mfpu=vfpv3-d16 -DARMR5 -Os -flto -
ffat-lto-objects    -O2 -c -mcpu=cortex-r5 -c xfsbl_rsa_sha.c -o xfsbl_rsa_sha.o -Izynqmp_fsbl_bsp/psu_cortexr5_0/include -I.

In file included from xfsbl_main.h:41,
                 from xfsbl_authentication.h:41,
                 from xfsbl_rsa_sha.c:32:
zynqmp_fsbl_bsp/psu_cortexr5_0/include/xtime_l.h:68:9: note: #pragma message: For the sleep routines, TTC3/TTC2 is used
   68 | #pragma message ("For the sleep routines, TTC3/TTC2 is used")
      |         ^~~~~~~
armr5-none-eabi-gcc -MMD -MP      -Wall -fmessage-length=0 -mcpu=cortex-r5 -mfloat-abi=hard -mfpu=vfpv3-d16 -DARMR5 -Os -flto -
ffat-lto-objects    -O2 -c -mcpu=cortex-r5 -c xfsbl_plpartition_valid.c -o xfsbl_plpartition_valid.o -Izynqmp_fsbl_bsp/psu_cort
exr5_0/include -I.

In file included from xfsbl_main.h:41,
                 from xfsbl_authentication.h:41,
                 from xfsbl_plpartition_valid.h:42,
                 from xfsbl_plpartition_valid.c:58:
zynqmp_fsbl_bsp/psu_cortexr5_0/include/xtime_l.h:68:9: note: #pragma message: For the sleep routines, TTC3/TTC2 is used
   68 | #pragma message ("For the sleep routines, TTC3/TTC2 is used")
      |         ^~~~~~~
armr5-none-eabi-gcc -MMD -MP      -Wall -fmessage-length=0 -mcpu=cortex-r5 -mfloat-abi=hard -mfpu=vfpv3-d16 -DARMR5 -Os -flto -
ffat-lto-objects    -O2 -c -mcpu=cortex-r5 -c xfsbl_image_header.c -o xfsbl_image_header.o -Izynqmp_fsbl_bsp/psu_cortexr5_0/inc
lude -I.

armr5-none-eabi-gcc -MMD -MP      -Wall -fmessage-length=0 -mcpu=cortex-r5 -mfloat-abi=hard -mfpu=vfpv3-d16 -DARMR5 -Os -flto -
ffat-lto-objects    -O2 -c -mcpu=cortex-r5 -c xfsbl_misc.c -o xfsbl_misc.o -Izynqmp_fsbl_bsp/psu_cortexr5_0/include -I.

In file included from xfsbl_main.h:41,
                 from xfsbl_misc.c:31:
zynqmp_fsbl_bsp/psu_cortexr5_0/include/xtime_l.h:68:9: note: #pragma message: For the sleep routines, TTC3/TTC2 is used
   68 | #pragma message ("For the sleep routines, TTC3/TTC2 is used")
      |         ^~~~~~~
armr5-none-eabi-gcc -MMD -MP      -Wall -fmessage-length=0 -mcpu=cortex-r5 -mfloat-abi=hard -mfpu=vfpv3-d16 -DARMR5 -Os -flto -
ffat-lto-objects    -O2 -c -mcpu=cortex-r5 -c xfsbl_authentication.c -o xfsbl_authentication.o -Izynqmp_fsbl_bsp/psu_cortexr5_0
/include -I.

In file included from xfsbl_main.h:41,
                 from xfsbl_bs.h:38,
                 from xfsbl_authentication.c:44:
zynqmp_fsbl_bsp/psu_cortexr5_0/include/xtime_l.h:68:9: note: #pragma message: For the sleep routines, TTC3/TTC2 is used
   68 | #pragma message ("For the sleep routines, TTC3/TTC2 is used")
      |         ^~~~~~~
armr5-none-eabi-gcc -MMD -MP      -Wall -fmessage-length=0 -mcpu=cortex-r5 -mfloat-abi=hard -mfpu=vfpv3-d16 -DARMR5 -Os -flto -
ffat-lto-objects    -O2 -c -mcpu=cortex-r5 -c xfsbl_exit.S -o xfsbl_exit.o -Izynqmp_fsbl_bsp/psu_cortexr5_0/include -I.

armr5-none-eabi-gcc -o fsbl_r5.elf  xfsbl_partition_load.o  xfsbl_qspi.o  xfsbl_csu_dma.o  xfsbl_nand.o  xfsbl_usb.o  xfsbl_sd.
o  xfsbl_hooks.o  xfsbl_main.o  xfsbl_dfu_util.o  xfsbl_initialization.o  xfsbl_ddr_init.o  xfsbl_handoff.o  psu_init.o  xfsbl_
board.o  xfsbl_misc_drivers.o  xfsbl_bs.o  xfsbl_rsa_sha.o  xfsbl_plpartition_valid.o  xfsbl_image_header.o  xfsbl_misc.o  xfsb
l_authentication.o  xfsbl_exit.o -MMD -MP      -Wall -fmessage-length=0 -mcpu=cortex-r5 -mfloat-abi=hard -mfpu=vfpv3-d16 -DARMR
5 -Os -flto -ffat-lto-objects    -Wl,--start-group,-lxil,-lgcc,-lc,--end-group -Wl,--start-group,-lxilffs,-lxil,-lgcc,-lc,--end
-group -Wl,--start-group,-lxilsecure,-lxil,-lgcc,-lc,--end-group -Wl,--start-group,-lxilpm,-lxil,-lgcc,-lc,--end-group         
                                                                                                                   -n  -Wl,--gc
-sections -Lzynqmp_fsbl_bsp/psu_cortexr5_0/lib -Tlscript.ld

Building the zynqmp_pmufw application.
make: Entering directory 'C:/Users/SripadKulkarni/workspace/FC-200-CAN-HOLT/136T-2200-113050-001-F11-02/zynqmp_pmufw/zynqmp_pmu
fw_bsp'

make --no-print-directory seq_libs

"Running Make include in psu_pmu_0/libsrc/axipmon_v6_9/src"

make -C psu_pmu_0/libsrc/axipmon_v6_9/src -s include  "SHELL=CMD" "COMPILER=mb-gcc" "ASSEMBLER=mb-as" "ARCHIVER=mb-ar" "COMPILE
R_FLAGS=  -O2 -c -mcpu=v9.2 -mlittle-endian -mxl-barrel-shift -mxl-pattern-compare -mxl-soft-mul" "EXTRA_COMPILER_FLAGS=-g -ffu
nction-sections -fdata-sections -Wall -Wextra -Os -flto -ffat-lto-objects"

"Running Make include in psu_pmu_0/libsrc/canps_v3_5/src"

make -C psu_pmu_0/libsrc/canps_v3_5/src -s include  "SHELL=CMD" "COMPILER=mb-gcc" "ASSEMBLER=mb-as" "ARCHIVER=mb-ar" "COMPILER_
FLAGS=  -O2 -c -mcpu=v9.2 -mlittle-endian -mxl-barrel-shift -mxl-pattern-compare -mxl-soft-mul" "EXTRA_COMPILER_FLAGS=-g -ffunc
tion-sections -fdata-sections -Wall -Wextra -Os -flto -ffat-lto-objects"

"Running Make include in psu_pmu_0/libsrc/clockps_v1_3/src"

make -C psu_pmu_0/libsrc/clockps_v1_3/src -s include  "SHELL=CMD" "COMPILER=mb-gcc" "ASSEMBLER=mb-as" "ARCHIVER=mb-ar" "COMPILE
R_FLAGS=  -O2 -c -mcpu=v9.2 -mlittle-endian -mxl-barrel-shift -mxl-pattern-compare -mxl-soft-mul" "EXTRA_COMPILER_FLAGS=-g -ffu
nction-sections -fdata-sections -Wall -Wextra -Os -flto -ffat-lto-objects"

"Running Make include in psu_pmu_0/libsrc/cpu_v2_12/src"

make -C psu_pmu_0/libsrc/cpu_v2_12/src -s include  "SHELL=CMD" "COMPILER=mb-gcc" "ASSEMBLER=mb-as" "ARCHIVER=mb-ar" "COMPILER_F
LAGS=  -O2 -c -mcpu=v9.2 -mlittle-endian -mxl-barrel-shift -mxl-pattern-compare -mxl-soft-mul" "EXTRA_COMPILER_FLAGS=-g -ffunct
ion-sections -fdata-sections -Wall -Wextra -Os -flto -ffat-lto-objects"

"Running Make include in psu_pmu_0/libsrc/csudma_v1_7/src"

make -C psu_pmu_0/libsrc/csudma_v1_7/src -s include  "SHELL=CMD" "COMPILER=mb-gcc" "ASSEMBLER=mb-as" "ARCHIVER=mb-ar" "COMPILER
_FLAGS=  -O2 -c -mcpu=v9.2 -mlittle-endian -mxl-barrel-shift -mxl-pattern-compare -mxl-soft-mul" "EXTRA_COMPILER_FLAGS=-g -ffun
ction-sections -fdata-sections -Wall -Wextra -Os -flto -ffat-lto-objects"

"Running Make include in psu_pmu_0/libsrc/ddrcpsu_v1_3/src"

make -C psu_pmu_0/libsrc/ddrcpsu_v1_3/src -s include  "SHELL=CMD" "COMPILER=mb-gcc" "ASSEMBLER=mb-as" "ARCHIVER=mb-ar" "COMPILE
R_FLAGS=  -O2 -c -mcpu=v9.2 -mlittle-endian -mxl-barrel-shift -mxl-pattern-compare -mxl-soft-mul" "EXTRA_COMPILER_FLAGS=-g -ffu
nction-sections -fdata-sections -Wall -Wextra -Os -flto -ffat-lto-objects"

"Running Make include in psu_pmu_0/libsrc/emacps_v3_12/src"

make -C psu_pmu_0/libsrc/emacps_v3_12/src -s include  "SHELL=CMD" "COMPILER=mb-gcc" "ASSEMBLER=mb-as" "ARCHIVER=mb-ar" "COMPILE
R_FLAGS=  -O2 -c -mcpu=v9.2 -mlittle-endian -mxl-barrel-shift -mxl-pattern-compare -mxl-soft-mul" "EXTRA_COMPILER_FLAGS=-g -ffu
nction-sections -fdata-sections -Wall -Wextra -Os -flto -ffat-lto-objects"

"Running Make include in psu_pmu_0/libsrc/gpiops_v3_8/src"

make -C psu_pmu_0/libsrc/gpiops_v3_8/src -s include  "SHELL=CMD" "COMPILER=mb-gcc" "ASSEMBLER=mb-as" "ARCHIVER=mb-ar" "COMPILER
_FLAGS=  -O2 -c -mcpu=v9.2 -mlittle-endian -mxl-barrel-shift -mxl-pattern-compare -mxl-soft-mul" "EXTRA_COMPILER_FLAGS=-g -ffun
ction-sections -fdata-sections -Wall -Wextra -Os -flto -ffat-lto-objects"

"Running Make include in psu_pmu_0/libsrc/ipipsu_v2_7/src"

make -C psu_pmu_0/libsrc/ipipsu_v2_7/src -s include  "SHELL=CMD" "COMPILER=mb-gcc" "ASSEMBLER=mb-as" "ARCHIVER=mb-ar" "COMPILER
_FLAGS=  -O2 -c -mcpu=v9.2 -mlittle-endian -mxl-barrel-shift -mxl-pattern-compare -mxl-soft-mul" "EXTRA_COMPILER_FLAGS=-g -ffun
ction-sections -fdata-sections -Wall -Wextra -Os -flto -ffat-lto-objects"

"Running Make include in psu_pmu_0/libsrc/qspipsu_v1_12/src"

make -C psu_pmu_0/libsrc/qspipsu_v1_12/src -s include  "SHELL=CMD" "COMPILER=mb-gcc" "ASSEMBLER=mb-as" "ARCHIVER=mb-ar" "COMPIL
ER_FLAGS=  -O2 -c -mcpu=v9.2 -mlittle-endian -mxl-barrel-shift -mxl-pattern-compare -mxl-soft-mul" "EXTRA_COMPILER_FLAGS=-g -ff
unction-sections -fdata-sections -Wall -Wextra -Os -flto -ffat-lto-objects"

"Running Make include in psu_pmu_0/libsrc/resetps_v1_4/src"

make -C psu_pmu_0/libsrc/resetps_v1_4/src -s include  "SHELL=CMD" "COMPILER=mb-gcc" "ASSEMBLER=mb-as" "ARCHIVER=mb-ar" "COMPILE
R_FLAGS=  -O2 -c -mcpu=v9.2 -mlittle-endian -mxl-barrel-shift -mxl-pattern-compare -mxl-soft-mul" "EXTRA_COMPILER_FLAGS=-g -ffu
nction-sections -fdata-sections -Wall -Wextra -Os -flto -ffat-lto-objects"

"Running Make include in psu_pmu_0/libsrc/rtcpsu_v1_10/src"

make -C psu_pmu_0/libsrc/rtcpsu_v1_10/src -s include  "SHELL=CMD" "COMPILER=mb-gcc" "ASSEMBLER=mb-as" "ARCHIVER=mb-ar" "COMPILE
R_FLAGS=  -O2 -c -mcpu=v9.2 -mlittle-endian -mxl-barrel-shift -mxl-pattern-compare -mxl-soft-mul" "EXTRA_COMPILER_FLAGS=-g -ffu
nction-sections -fdata-sections -Wall -Wextra -Os -flto -ffat-lto-objects"

"Running Make include in psu_pmu_0/libsrc/sdps_v3_10/src"

make -C psu_pmu_0/libsrc/sdps_v3_10/src -s include  "SHELL=CMD" "COMPILER=mb-gcc" "ASSEMBLER=mb-as" "ARCHIVER=mb-ar" "COMPILER_
FLAGS=  -O2 -c -mcpu=v9.2 -mlittle-endian -mxl-barrel-shift -mxl-pattern-compare -mxl-soft-mul" "EXTRA_COMPILER_FLAGS=-g -ffunc
tion-sections -fdata-sections -Wall -Wextra -Os -flto -ffat-lto-objects"

"Running Make include in psu_pmu_0/libsrc/spips_v3_5/src"

make -C psu_pmu_0/libsrc/spips_v3_5/src -s include  "SHELL=CMD" "COMPILER=mb-gcc" "ASSEMBLER=mb-as" "ARCHIVER=mb-ar" "COMPILER_
FLAGS=  -O2 -c -mcpu=v9.2 -mlittle-endian -mxl-barrel-shift -mxl-pattern-compare -mxl-soft-mul" "EXTRA_COMPILER_FLAGS=-g -ffunc
tion-sections -fdata-sections -Wall -Wextra -Os -flto -ffat-lto-objects"

"Running Make include in psu_pmu_0/libsrc/standalone_v7_3/src"

make -C psu_pmu_0/libsrc/standalone_v7_3/src -s include  "SHELL=CMD" "COMPILER=mb-gcc" "ASSEMBLER=mb-as" "ARCHIVER=mb-ar" "COMP
ILER_FLAGS=  -O2 -c -mcpu=v9.2 -mlittle-endian -mxl-barrel-shift -mxl-pattern-compare -mxl-soft-mul" "EXTRA_COMPILER_FLAGS=-g -
ffunction-sections -fdata-sections -Wall -Wextra -Os -flto -ffat-lto-objects"

"Running Make include in psu_pmu_0/libsrc/sysmonpsu_v2_7/src"

make -C psu_pmu_0/libsrc/sysmonpsu_v2_7/src -s include  "SHELL=CMD" "COMPILER=mb-gcc" "ASSEMBLER=mb-as" "ARCHIVER=mb-ar" "COMPI
LER_FLAGS=  -O2 -c -mcpu=v9.2 -mlittle-endian -mxl-barrel-shift -mxl-pattern-compare -mxl-soft-mul" "EXTRA_COMPILER_FLAGS=-g -f
function-sections -fdata-sections -Wall -Wextra -Os -flto -ffat-lto-objects"

"Running Make include in psu_pmu_0/libsrc/ttcps_v3_12/src"

make -C psu_pmu_0/libsrc/ttcps_v3_12/src -s include  "SHELL=CMD" "COMPILER=mb-gcc" "ASSEMBLER=mb-as" "ARCHIVER=mb-ar" "COMPILER
_FLAGS=  -O2 -c -mcpu=v9.2 -mlittle-endian -mxl-barrel-shift -mxl-pattern-compare -mxl-soft-mul" "EXTRA_COMPILER_FLAGS=-g -ffun
ction-sections -fdata-sections -Wall -Wextra -Os -flto -ffat-lto-objects"

"Running Make include in psu_pmu_0/libsrc/uartns550_v3_7/src"

make -C psu_pmu_0/libsrc/uartns550_v3_7/src -s include  "SHELL=CMD" "COMPILER=mb-gcc" "ASSEMBLER=mb-as" "ARCHIVER=mb-ar" "COMPI
LER_FLAGS=  -O2 -c -mcpu=v9.2 -mlittle-endian -mxl-barrel-shift -mxl-pattern-compare -mxl-soft-mul" "EXTRA_COMPILER_FLAGS=-g -f
function-sections -fdata-sections -Wall -Wextra -Os -flto -ffat-lto-objects"

"Running Make include in psu_pmu_0/libsrc/uartps_v3_10/src"

make -C psu_pmu_0/libsrc/uartps_v3_10/src -s include  "SHELL=CMD" "COMPILER=mb-gcc" "ASSEMBLER=mb-as" "ARCHIVER=mb-ar" "COMPILE
R_FLAGS=  -O2 -c -mcpu=v9.2 -mlittle-endian -mxl-barrel-shift -mxl-pattern-compare -mxl-soft-mul" "EXTRA_COMPILER_FLAGS=-g -ffu
nction-sections -fdata-sections -Wall -Wextra -Os -flto -ffat-lto-objects"

"Running Make include in psu_pmu_0/libsrc/wdtps_v3_4/src"

make -C psu_pmu_0/libsrc/wdtps_v3_4/src -s include  "SHELL=CMD" "COMPILER=mb-gcc" "ASSEMBLER=mb-as" "ARCHIVER=mb-ar" "COMPILER_
FLAGS=  -O2 -c -mcpu=v9.2 -mlittle-endian -mxl-barrel-shift -mxl-pattern-compare -mxl-soft-mul" "EXTRA_COMPILER_FLAGS=-g -ffunc
tion-sections -fdata-sections -Wall -Wextra -Os -flto -ffat-lto-objects"

"Running Make include in psu_pmu_0/libsrc/xilfpga_v5_3/src"

make -C psu_pmu_0/libsrc/xilfpga_v5_3/src -s include  "SHELL=CMD" "COMPILER=mb-gcc" "ASSEMBLER=mb-as" "ARCHIVER=mb-ar" "COMPILE
R_FLAGS=  -O2 -c -mcpu=v9.2 -mlittle-endian -mxl-barrel-shift -mxl-pattern-compare -mxl-soft-mul" "EXTRA_COMPILER_FLAGS=-g -ffu
nction-sections -fdata-sections -Wall -Wextra -Os -flto -ffat-lto-objects"

"Running Make include in psu_pmu_0/libsrc/xilsecure_v4_3/src"

make -C psu_pmu_0/libsrc/xilsecure_v4_3/src -s include  "SHELL=CMD" "COMPILER=mb-gcc" "ASSEMBLER=mb-as" "ARCHIVER=mb-ar" "COMPI
LER_FLAGS=  -O2 -c -mcpu=v9.2 -mlittle-endian -mxl-barrel-shift -mxl-pattern-compare -mxl-soft-mul" "EXTRA_COMPILER_FLAGS=-g -f
function-sections -fdata-sections -Wall -Wextra -Os -flto -ffat-lto-objects"

[...]
'Finished building: ../bsp/driver/auav/d_auav.c'
' '
'Building target: can_holt.elf'
'Invoking: ARM R5 gcc linker'
armr5-none-eabi-gcc -mcpu=cortex-r5 -mfloat-abi=hard -mfpu=vfpv3-d16 -Wl,-T -Wl,../src/lscript.ld -LC:/Users/SripadKulkarni/workspace/FC-200-CAN-HOLT/136T-2200-113050-001-F11-02/export/136T-2200-113050-001-F11-02/sw/136T-2200-113050-001-F11-02/standalone_domain/bsplib/lib -o "can_holt.elf"  ./src/config/can_cfg.o ./src/config/memory_cfg.o  ./src/ETAS_global.o ./src/main.o ./src/uart.o  ./bsp/sru/watchdog/d_watchdog.o ./bsp/sru/watchdog/watchdog_cfg.o  ./bsp/sru/temperature/d_temperature.o ./bsp/sru/temperature/temperature_cfg.o  ./bsp/sru/spi_pl/d_spi_pl.o ./bsp/sru/spi_pl/spi_pl_cfg.o  ./bsp/sru/sbus/d_sbus.o ./bsp/sru/sbus/sbus_cfg.o  ./bsp/sru/qspiFlash/d_qspiFlash.o  ./bsp/sru/pwm/d_pwm.o ./bsp/sru/pwm/pwm_cfg.o  ./bsp/sru/mmc/d_mmc_interface.o  ./bsp/sru/metadata/d_metadata.o ./bsp/sru/metadata/metadata_cfg.o  ./bsp/sru/ioc_eeprom/d_ioc_eeprom.o ./bsp/sru/ioc_eeprom/ioc_eeprom_cfg.o  ./bsp/sru/flash_mac/d_flash_mac.o ./bsp/sru/flash_mac/flash_mac_cfg.o  ./bsp/sru/fcu/d_fcu.o ./bsp/sru/fcu/fcu_cfg.o  ./bsp/sru/ethernet/d_eth_interface.o ./bsp/sru/ethernet/xemacpsif_physpeed.o ./bsp/sru/ethernet/xpqueue.o  ./bsp/sru/ds1682/d_ds1682.o ./bsp/sru/ds1682/ds1682_cfg.o  ./bsp/sru/discrete_pl/d_discrete_pl.o ./bsp/sru/discrete_pl/discrete_pl_cfg.o  ./bsp/sru/coverage/d_coverage.o  ./bsp/sru/counter/counter_cfg.o ./bsp/sru/counter/d_counter.o  ./bsp/sru/can_holt/can_holt_cfg.o ./bsp/sru/can_holt/d_can_holt.o  ./bsp/sru/analogue_pl/analogue_pl_cfg.o ./bsp/sru/analogue_pl/d_analogue_pl.o  ./bsp/soc/uart/d_uart.o ./bsp/soc/uart/d_uart_pl.o ./bsp/soc/uart/d_uart_ps.o ./bsp/soc/uart/uart_pl_cfg.o ./bsp/soc/uart/uart_ps_cfg.o  ./bsp/soc/timer/d_timer.o ./bsp/soc/timer/d_timer_counter.o  ./bsp/soc/spi/d_spi.o ./bsp/soc/spi/spi_cfg.o  ./bsp/soc/sata/d_sata.o ./bsp/soc/sata/d_sata_encryption.o ./bsp/soc/sata/d_sata_ops.o  ./bsp/soc/memory_manager/d_memory.o ./bsp/soc/memory_manager/d_memory_cache.o ./bsp/soc/memory_manager/memory_cfg.o  ./bsp/soc/interrupt_manager/d_int_irq_handler.o ./bsp/soc/interrupt_manager/d_int_irq_split.o ./bsp/soc/interrupt_manager/d_int_vector.o ./bsp/soc/interrupt_manager/int_irq_split_cfg.o ./bsp/soc/interrupt_manager/irq_table_cfg.o  ./bsp/soc/dma/d_dma.o ./bsp/soc/dma/dma_cfg.o  ./bsp/soc/discrete/d_discrete.o ./bsp/soc/discrete/discrete_cfg.o  ./bsp/soc/defines/d_common_status.o  ./bsp/soc/cstart/d_boot.o ./bsp/soc/cstart/d_cstart.o  ./bsp/soc/can/can_cfg.o ./bsp/soc/can/d_can.o  ./bsp/soc/bit/d_bit.o  ./bsp/soc/apu_manager/d_apu.o  ./bsp/soc/analogue/d_analogue.o  ./bsp/kernel/shared_memory/d_smi.o ./bsp/kernel/shared_memory/d_smi_eth.o  ./bsp/kernel/sha/d_sha256.o  ./bsp/kernel/scheduler/d_sched_loading.o ./bsp/kernel/scheduler/d_sched_scheduler.o ./bsp/kernel/scheduler/loading_cfg.o ./bsp/kernel/scheduler/scheduler_cfg.o  ./bsp/kernel/ram/d_ram.o ./bsp/kernel/ram/d_ram_bit.o ./bsp/kernel/ram/d_ram_code_crc.o ./bsp/kernel/ram/d_ram_stack.o ./bsp/kernel/ram/ram_cfg.o  ./bsp/kernel/process_monitor/d_pmon.o  ./bsp/kernel/general/d_gen_memory.o ./bsp/kernel/general/d_gen_register.o ./bsp/kernel/general/d_gen_string.o  ./bsp/kernel/file_handler/d_file.o  ./bsp/kernel/fat_fs/d_diskio.o ./bsp/kernel/fat_fs/d_ff.o ./bsp/kernel/fat_fs/d_ffsystem.o ./bsp/kernel/fat_fs/d_ffunicode.o  ./bsp/kernel/event_logger/d_event_logger.o ./bsp/kernel/event_logger/d_event_logger_critical.o ./bsp/kernel/event_logger/d_event_logger_mmc.o ./bsp/kernel/event_logger/d_event_logger_mmc_event.o ./bsp/kernel/event_logger/event_logger_cfg.o  ./bsp/kernel/error_handler/d_error_exception.o ./bsp/kernel/error_handler/d_error_handler.o ./bsp/kernel/error_handler/error_handler_cfg.o  ./bsp/kernel/date_time/d_date_time.o  ./bsp/kernel/crc32/d_crc32.o  ./bsp/kernel/buffer/buffer_cfg.o ./bsp/kernel/buffer/d_buffer.o  ./bsp/driver/imu_iim20670/d_imu_iim20670.o ./bsp/driver/imu_iim20670/imu_iim20670_cfg.o  ./bsp/driver/imu_adis16505/d_imu_adis16505.o ./bsp/driver/imu_adis16505/imu_adis16505_cfg.o  ./bsp/driver/gnss/d_gnss_ublox.o ./bsp/driver/gnss/gnss_ublox_cfg.o  ./bsp/driver/bme280/bme280_cfg.o ./bsp/driver/bme280/d_bme280.o  ./bsp/driver/auav/auav_cfg.o ./bsp/driver/auav/d_auav.o   -Wl,--start-group,-lxil,-lgcc,-lc,--end-group -Wl,--start-group,-lxil,-llwip4,-lgcc,-lc,--end-group
'Finished building target: can_holt.elf'
' '
'Invoking: ARM R5 Print Size'
armr5-none-eabi-size can_holt.elf  |tee "can_holt.elf.size"
   text	   data	    bss	    dec	    hex	filename
 397204	   6328	39868448	40271980	266806c	can_holt.elf
'Finished building: can_holt.elf.size'
' '
10:53:27 **** Build of configuration Debug for project can_holt_system ****
make all 
Generating bif file for the system project
generate_system_bif.bat 51954 C:/Users/SripadKulkarni/workspace/FC-200-CAN-HOLT/136T-2200-113050-001-F11-02/export/136T-2200-113050-001-F11-02/136T-2200-113050-001-F11-02.xpfm standalone_domain C:/Users/SripadKulkarni/workspace/FC-200-CAN-HOLT/can_holt_system/Debug/system.bif
sdcard_gen --xpfm C:/Users/SripadKulkarni/workspace/FC-200-CAN-HOLT/136T-2200-113050-001-F11-02/export/136T-2200-113050-001-F11-02/136T-2200-113050-001-F11-02.xpfm --sys_config 136T-2200-113050-001-F11-02 --bif C:/Users/SripadKulkarni/workspace/FC-200-CAN-HOLT/can_holt_system/Debug/system.bif --bitstream C:/Users/SripadKulkarni/workspace/FC-200-CAN-HOLT/can_holt/_ide/bitstream/fcu_wrapper.bit --elf C:/Users/SripadKulkarni/workspace/FC-200-CAN-HOLT/can_holt/Debug/can_holt.elf,psu_cortexr5_0
creating BOOT.BIN using C:/Users/SripadKulkarni/workspace/FC-200-CAN-HOLT/can_holt/_ide/bitstream/fcu_wrapper.bit
Running C:/Xilinx/Vitis/2020.2/bin/bootgen -arch zynqmp -image C:/Users/SripadKulkarni/workspace/FC-200-CAN-HOLT/can_holt_system/Debug/sd_card_temp/boot.bif -w -o i BOOT.BIN
10:58:25 **** Clean-only build of project 136T-2200-113050-001-F11-02 ****
buildplatform.bat 51954 136T-2200-113050-001-F11-02 clean 
xsct% XSDB Server Channel: tcfchan#7
Cleaning the zynqmp_fsbl application.
rm -rf  xfsbl_partition_load.o  xfsbl_qspi.o  xfsbl_csu_dma.o  xfsbl_nand.o  xfsbl_image_header.o  xfsbl_hooks.o  xfsbl_main.o 
 xfsbl_dfu_util.o  xfsbl_initialization.o  xfsbl_ddr_init.o  xfsbl_handoff.o  psu_init.o  xfsbl_sd.o  xfsbl_board.o  xfsbl_misc
_drivers.o  xfsbl_bs.o  xfsbl_rsa_sha.o  xfsbl_plpartition_valid.o  xfsbl_usb.o  xfsbl_misc.o  xfsbl_authentication.o  xfsbl_ex
it.o zynqmp_fsbl_bsp/psu_cortexr5_0/lib/libxil.a fsbl_r5.elf *.o

Cleaning the zynqmp_fsbl application, bsp
make -C psu_cortexr5_0/libsrc/axipmon_v6_9/src -s clean 

make -C psu_cortexr5_0/libsrc/canps_v3_5/src -s clean 

make -C psu_cortexr5_0/libsrc/clockps_v1_3/src -s clean 

make -C psu_cortexr5_0/libsrc/coresightps_dcc_v1_8/src -s clean 

make -C psu_cortexr5_0/libsrc/cpu_cortexr5_v1_8/src -s clean 

make -C psu_cortexr5_0/libsrc/csudma_v1_7/src -s clean 

make -C psu_cortexr5_0/libsrc/ddrcpsu_v1_3/src -s clean 

make -C psu_cortexr5_0/libsrc/emacps_v3_12/src -s clean 

make -C psu_cortexr5_0/libsrc/gpiops_v3_8/src -s clean 

make -C psu_cortexr5_0/libsrc/ipipsu_v2_7/src -s clean 

make -C psu_cortexr5_0/libsrc/qspipsu_v1_12/src -s clean 

make -C psu_cortexr5_0/libsrc/resetps_v1_4/src -s clean 

make -C psu_cortexr5_0/libsrc/rtcpsu_v1_10/src -s clean 

make -C psu_cortexr5_0/libsrc/scugic_v4_3/src -s clean 

make -C psu_cortexr5_0/libsrc/sdps_v3_10/src -s clean 

make -C psu_cortexr5_0/libsrc/spips_v3_5/src -s clean 

make -C psu_cortexr5_0/libsrc/standalone_v7_3/src -s clean 

make -C psu_cortexr5_0/libsrc/sysmonpsu_v2_7/src -s clean 

make -C psu_cortexr5_0/libsrc/ttcps_v3_12/src -s clean 

make -C psu_cortexr5_0/libsrc/uartns550_v3_7/src -s clean 

make -C psu_cortexr5_0/libsrc/uartps_v3_10/src -s clean 

make -C psu_cortexr5_0/libsrc/wdtps_v3_4/src -s clean 

make -C psu_cortexr5_0/libsrc/xilffs_v4_4/src -s clean 

make -C psu_cortexr5_0/libsrc/xilpm_v3_2/src -s clean 

make -C psu_cortexr5_0/libsrc/xilsecure_v4_3/src -s clean 

make -C psu_cortexr5_0/libsrc/zdma_v1_10/src -s clean 

rm -f psu_cortexr5_0/lib/libxil.a

Cleaning the zynqmp_pmufw application.
rm -rf  xpfw_mod_legacy.o  xpfw_mod_em.o  xpfw_main.o  pm_power.o  xpfw_mod_rpu.o  pm_gpp.o  pm_pll.o  pm_periph.o  idle_hooks.
o  xpfw_core.o  pm_clock.o  pm_extern.o  xpfw_mod_stl.o  pm_callbacks.o  pm_csudma.o  pm_node_reset.o  xpfw_rom_interface.o  xp
fw_mod_rtc.o  xpfw_mod_sched.o  xpfw_util.o  xpfw_resets.o  xpfw_mod_pm.o  pm_slave.o  pm_binding.o  pm_qspi.o  xpfw_xpu.o  pm_
config.o  pm_core.o  pm_requirement.o  pm_notifier.o  xpfw_module.o  xpfw_restart.o  xpfw_error_manager.o  pm_master.o  xpfw_ip
i_manager.o  pm_usb.o  xpfw_mod_common.o  pm_reset.o  pm_node.o  xpfw_platform.o  xpfw_mod_dap.o  xpfw_crc.o  pm_proc.o  xpfw_m
od_wdt.o  xpfw_user_startup.o  pm_sram.o  pm_ddr.o  pm_pinctrl.o  xpfw_events.o  xpfw_aib.o  pm_gic_proxy.o  xpfw_scheduler.o  
pm_system.o  xpfw_mod_ultra96.o  pm_mmio_access.o  pm_hooks.o  xpfw_interrupts.o  xpfw_start.o zynqmp_pmufw_bsp/psu_pmu_0/lib/l
ibxil.a pmufw.elf *.o

Cleaning the zynqmp_pmufw application, bsp
make -C psu_pmu_0/libsrc/axipmon_v6_9/src -s clean 

make -C psu_pmu_0/libsrc/canps_v3_5/src -s clean 

make -C psu_pmu_0/libsrc/clockps_v1_3/src -s clean 

make -C psu_pmu_0/libsrc/cpu_v2_12/src -s clean 

make -C psu_pmu_0/libsrc/csudma_v1_7/src -s clean 

make -C psu_pmu_0/libsrc/ddrcpsu_v1_3/src -s clean 

make -C psu_pmu_0/libsrc/emacps_v3_12/src -s clean 

make -C psu_pmu_0/libsrc/gpiops_v3_8/src -s clean 

make -C psu_pmu_0/libsrc/ipipsu_v2_7/src -s clean 

make -C psu_pmu_0/libsrc/qspipsu_v1_12/src -s clean 

make -C psu_pmu_0/libsrc/resetps_v1_4/src -s clean 

make -C psu_pmu_0/libsrc/rtcpsu_v1_10/src -s clean 

make -C psu_pmu_0/libsrc/sdps_v3_10/src -s clean 

make -C psu_pmu_0/libsrc/spips_v3_5/src -s clean 

make -C psu_pmu_0/libsrc/standalone_v7_3/src -s clean 

make -C psu_pmu_0/libsrc/sysmonpsu_v2_7/src -s clean 

make -C psu_pmu_0/libsrc/ttcps_v3_12/src -s clean 

make -C psu_pmu_0/libsrc/uartns550_v3_7/src -s clean 

make -C psu_pmu_0/libsrc/uartps_v3_10/src -s clean 

make -C psu_pmu_0/libsrc/wdtps_v3_4/src -s clean 

make -C psu_pmu_0/libsrc/xilfpga_v5_3/src -s clean 

make -C psu_pmu_0/libsrc/xilsecure_v4_3/src -s clean 

make -C psu_pmu_0/libsrc/xilskey_v7_0/src -s clean 

make -C psu_pmu_0/libsrc/zdma_v1_10/src -s clean 

rm -f psu_pmu_0/lib/libxil.a

Cleaning the BSP for domain  - standalone_domain
make -C psu_cortexr5_0/libsrc/axipmon_v6_9/src -s clean 

make -C psu_cortexr5_0/libsrc/canps_v3_5/src -s clean 

make -C psu_cortexr5_0/libsrc/clockps_v1_3/src -s clean 

make -C psu_cortexr5_0/libsrc/coresightps_dcc_v1_8/src -s clean 

make -C psu_cortexr5_0/libsrc/cpu_cortexr5_v1_8/src -s clean 

make -C psu_cortexr5_0/libsrc/csudma_v1_7/src -s clean 

make -C psu_cortexr5_0/libsrc/ddrcpsu_v1_3/src -s clean 

make -C psu_cortexr5_0/libsrc/emacps_v3_12/src -s clean 

make -C psu_cortexr5_0/libsrc/gpiops_v3_8/src -s clean 

make -C psu_cortexr5_0/libsrc/ipipsu_v2_7/src -s clean 

make -C psu_cortexr5_0/libsrc/lwip211_v1_3/src -s clean 

make -C psu_cortexr5_0/libsrc/qspipsu_v1_12/src -s clean 

make -C psu_cortexr5_0/libsrc/resetps_v1_4/src -s clean 

make -C psu_cortexr5_0/libsrc/rtcpsu_v1_10/src -s clean 

make -C psu_cortexr5_0/libsrc/scugic_v4_3/src -s clean 

make -C psu_cortexr5_0/libsrc/sdps_v3_10/src -s clean 

make -C psu_cortexr5_0/libsrc/spips_v3_5/src -s clean 

make -C psu_cortexr5_0/libsrc/standalone_v7_3/src -s clean 

make -C psu_cortexr5_0/libsrc/sysmonpsu_v2_7/src -s clean 

make -C psu_cortexr5_0/libsrc/ttcps_v3_12/src -s clean 

make -C psu_cortexr5_0/libsrc/uartns550_v3_7/src -s clean 

make -C psu_cortexr5_0/libsrc/uartps_v3_10/src -s clean 

make -C psu_cortexr5_0/libsrc/wdtps_v3_4/src -s clean 

make -C psu_cortexr5_0/libsrc/zdma_v1_10/src -s clean 

rm -f psu_cortexr5_0/lib/libxil.a

10:58:33 **** Clean-only build of configuration Debug for project can_holt ****
make clean 
rm -rf  ./src/config/can_cfg.o ./src/config/memory_cfg.o  ./src/ETAS_global.o ./src/main.o ./src/uart.o  ./bsp/sru/watchdog/d_watchdog.o ./bsp/sru/watchdog/watchdog_cfg.o  ./bsp/sru/temperature/d_temperature.o ./bsp/sru/temperature/temperature_cfg.o  ./bsp/sru/spi_pl/d_spi_pl.o ./bsp/sru/spi_pl/spi_pl_cfg.o  ./bsp/sru/sbus/d_sbus.o ./bsp/sru/sbus/sbus_cfg.o  ./bsp/sru/qspiFlash/d_qspiFlash.o  ./bsp/sru/pwm/d_pwm.o ./bsp/sru/pwm/pwm_cfg.o  ./bsp/sru/mmc/d_mmc_interface.o  ./bsp/sru/metadata/d_metadata.o ./bsp/sru/metadata/metadata_cfg.o  ./bsp/sru/ioc_eeprom/d_ioc_eeprom.o ./bsp/sru/ioc_eeprom/ioc_eeprom_cfg.o  ./bsp/sru/flash_mac/d_flash_mac.o ./bsp/sru/flash_mac/flash_mac_cfg.o  ./bsp/sru/fcu/d_fcu.o ./bsp/sru/fcu/fcu_cfg.o  ./bsp/sru/ethernet/d_eth_interface.o ./bsp/sru/ethernet/xemacpsif_physpeed.o ./bsp/sru/ethernet/xpqueue.o  ./bsp/sru/ds1682/d_ds1682.o ./bsp/sru/ds1682/ds1682_cfg.o  ./bsp/sru/discrete_pl/d_discrete_pl.o ./bsp/sru/discrete_pl/discrete_pl_cfg.o  ./bsp/sru/coverage/d_coverage.o  ./bsp/sru/counter/counter_cfg.o ./bsp/sru/counter/d_counter.o  ./bsp/sru/can_holt/can_holt_cfg.o ./bsp/sru/can_holt/d_can_holt.o  ./bsp/sru/analogue_pl/analogue_pl_cfg.o ./bsp/sru/analogue_pl/d_analogue_pl.o  ./bsp/soc/uart/d_uart.o ./bsp/soc/uart/d_uart_pl.o ./bsp/soc/uart/d_uart_ps.o ./bsp/soc/uart/uart_pl_cfg.o ./bsp/soc/uart/uart_ps_cfg.o  ./bsp/soc/timer/d_timer.o ./bsp/soc/timer/d_timer_counter.o  ./bsp/soc/spi/d_spi.o ./bsp/soc/spi/spi_cfg.o  ./bsp/soc/sata/d_sata.o ./bsp/soc/sata/d_sata_encryption.o ./bsp/soc/sata/d_sata_ops.o  ./bsp/soc/memory_manager/d_memory.o ./bsp/soc/memory_manager/d_memory_cache.o ./bsp/soc/memory_manager/memory_cfg.o  ./bsp/soc/interrupt_manager/d_int_irq_handler.o ./bsp/soc/interrupt_manager/d_int_irq_split.o ./bsp/soc/interrupt_manager/d_int_vector.o ./bsp/soc/interrupt_manager/int_irq_split_cfg.o ./bsp/soc/interrupt_manager/irq_table_cfg.o  ./bsp/soc/dma/d_dma.o ./bsp/soc/dma/dma_cfg.o  ./bsp/soc/discrete/d_discrete.o ./bsp/soc/discrete/discrete_cfg.o  ./bsp/soc/defines/d_common_status.o  ./bsp/soc/cstart/d_boot.o ./bsp/soc/cstart/d_cstart.o  ./bsp/soc/can/can_cfg.o ./bsp/soc/can/d_can.o  ./bsp/soc/bit/d_bit.o  ./bsp/soc/apu_manager/d_apu.o  ./bsp/soc/analogue/d_analogue.o  ./bsp/kernel/shared_memory/d_smi.o ./bsp/kernel/shared_memory/d_smi_eth.o  ./bsp/kernel/sha/d_sha256.o  ./bsp/kernel/scheduler/d_sched_loading.o ./bsp/kernel/scheduler/d_sched_scheduler.o ./bsp/kernel/scheduler/loading_cfg.o ./bsp/kernel/scheduler/scheduler_cfg.o  ./bsp/kernel/ram/d_ram.o ./bsp/kernel/ram/d_ram_bit.o ./bsp/kernel/ram/d_ram_code_crc.o ./bsp/kernel/ram/d_ram_stack.o ./bsp/kernel/ram/ram_cfg.o  ./bsp/kernel/process_monitor/d_pmon.o  ./bsp/kernel/general/d_gen_memory.o ./bsp/kernel/general/d_gen_register.o ./bsp/kernel/general/d_gen_string.o  ./bsp/kernel/file_handler/d_file.o  ./bsp/kernel/fat_fs/d_diskio.o ./bsp/kernel/fat_fs/d_ff.o ./bsp/kernel/fat_fs/d_ffsystem.o ./bsp/kernel/fat_fs/d_ffunicode.o  ./bsp/kernel/event_logger/d_event_logger.o ./bsp/kernel/event_logger/d_event_logger_critical.o ./bsp/kernel/event_logger/d_event_logger_mmc.o ./bsp/kernel/event_logger/d_event_logger_mmc_event.o ./bsp/kernel/event_logger/event_logger_cfg.o  ./bsp/kernel/error_handler/d_error_exception.o ./bsp/kernel/error_handler/d_error_handler.o ./bsp/kernel/error_handler/error_handler_cfg.o  ./bsp/kernel/date_time/d_date_time.o  ./bsp/kernel/crc32/d_crc32.o  ./bsp/kernel/buffer/buffer_cfg.o ./bsp/kernel/buffer/d_buffer.o  ./bsp/driver/imu_iim20670/d_imu_iim20670.o ./bsp/driver/imu_iim20670/imu_iim20670_cfg.o  ./bsp/driver/imu_adis16505/d_imu_adis16505.o ./bsp/driver/imu_adis16505/imu_adis16505_cfg.o  ./bsp/driver/gnss/d_gnss_ublox.o ./bsp/driver/gnss/gnss_ublox_cfg.o  ./bsp/driver/bme280/bme280_cfg.o ./bsp/driver/bme280/d_bme280.o  ./bsp/driver/auav/auav_cfg.o ./bsp/driver/auav/d_auav.o  ./bsp/soc/interrupt_manager/d_int_vector.d  ./src/config/can_cfg.d ./src/config/memory_cfg.d  ./src/ETAS_global.d ./src/main.d ./src/uart.d  ./bsp/sru/watchdog/d_watchdog.d ./bsp/sru/watchdog/watchdog_cfg.d  ./bsp/sru/temperature/d_temperature.d ./bsp/sru/temperature/temperature_cfg.d  ./bsp/sru/spi_pl/d_spi_pl.d ./bsp/sru/spi_pl/spi_pl_cfg.d  ./bsp/sru/sbus/d_sbus.d ./bsp/sru/sbus/sbus_cfg.d  ./bsp/sru/qspiFlash/d_qspiFlash.d  ./bsp/sru/pwm/d_pwm.d ./bsp/sru/pwm/pwm_cfg.d  ./bsp/sru/mmc/d_mmc_interface.d  ./bsp/sru/metadata/d_metadata.d ./bsp/sru/metadata/metadata_cfg.d  ./bsp/sru/ioc_eeprom/d_ioc_eeprom.d ./bsp/sru/ioc_eeprom/ioc_eeprom_cfg.d  ./bsp/sru/flash_mac/d_flash_mac.d ./bsp/sru/flash_mac/flash_mac_cfg.d  ./bsp/sru/fcu/d_fcu.d ./bsp/sru/fcu/fcu_cfg.d  ./bsp/sru/ethernet/d_eth_interface.d ./bsp/sru/ethernet/xemacpsif_physpeed.d ./bsp/sru/ethernet/xpqueue.d  ./bsp/sru/ds1682/d_ds1682.d ./bsp/sru/ds1682/ds1682_cfg.d  ./bsp/sru/discrete_pl/d_discrete_pl.d ./bsp/sru/discrete_pl/discrete_pl_cfg.d  ./bsp/sru/coverage/d_coverage.d  ./bsp/sru/counter/counter_cfg.d ./bsp/sru/counter/d_counter.d  ./bsp/sru/can_holt/can_holt_cfg.d ./bsp/sru/can_holt/d_can_holt.d  ./bsp/sru/analogue_pl/analogue_pl_cfg.d ./bsp/sru/analogue_pl/d_analogue_pl.d  ./bsp/soc/uart/d_uart.d ./bsp/soc/uart/d_uart_pl.d ./bsp/soc/uart/d_uart_ps.d ./bsp/soc/uart/uart_pl_cfg.d ./bsp/soc/uart/uart_ps_cfg.d  ./bsp/soc/timer/d_timer.d ./bsp/soc/timer/d_timer_counter.d  ./bsp/soc/spi/d_spi.d ./bsp/soc/spi/spi_cfg.d  ./bsp/soc/sata/d_sata.d ./bsp/soc/sata/d_sata_encryption.d ./bsp/soc/sata/d_sata_ops.d  ./bsp/soc/memory_manager/d_memory.d ./bsp/soc/memory_manager/d_memory_cache.d ./bsp/soc/memory_manager/memory_cfg.d  ./bsp/soc/interrupt_manager/d_int_irq_handler.d ./bsp/soc/interrupt_manager/d_int_irq_split.d ./bsp/soc/interrupt_manager/int_irq_split_cfg.d ./bsp/soc/interrupt_manager/irq_table_cfg.d  ./bsp/soc/dma/d_dma.d ./bsp/soc/dma/dma_cfg.d  ./bsp/soc/discrete/d_discrete.d ./bsp/soc/discrete/discrete_cfg.d  ./bsp/soc/defines/d_common_status.d  ./bsp/soc/can/can_cfg.d ./bsp/soc/can/d_can.d  ./bsp/soc/bit/d_bit.d  ./bsp/soc/apu_manager/d_apu.d  ./bsp/soc/analogue/d_analogue.d  ./bsp/kernel/shared_memory/d_smi.d ./bsp/kernel/shared_memory/d_smi_eth.d  ./bsp/kernel/sha/d_sha256.d  ./bsp/kernel/scheduler/d_sched_loading.d ./bsp/kernel/scheduler/d_sched_scheduler.d ./bsp/kernel/scheduler/loading_cfg.d ./bsp/kernel/scheduler/scheduler_cfg.d  ./bsp/kernel/ram/d_ram.d ./bsp/kernel/ram/d_ram_bit.d ./bsp/kernel/ram/d_ram_code_crc.d ./bsp/kernel/ram/d_ram_stack.d ./bsp/kernel/ram/ram_cfg.d  ./bsp/kernel/process_monitor/d_pmon.d  ./bsp/kernel/general/d_gen_memory.d ./bsp/kernel/general/d_gen_register.d ./bsp/kernel/general/d_gen_string.d  ./bsp/kernel/file_handler/d_file.d  ./bsp/kernel/fat_fs/d_diskio.d ./bsp/kernel/fat_fs/d_ff.d ./bsp/kernel/fat_fs/d_ffsystem.d ./bsp/kernel/fat_fs/d_ffunicode.d  ./bsp/kernel/event_logger/d_event_logger.d ./bsp/kernel/event_logger/d_event_logger_critical.d ./bsp/kernel/event_logger/d_event_logger_mmc.d ./bsp/kernel/event_logger/d_event_logger_mmc_event.d ./bsp/kernel/event_logger/event_logger_cfg.d  ./bsp/kernel/error_handler/d_error_exception.d ./bsp/kernel/error_handler/d_error_handler.d ./bsp/kernel/error_handler/error_handler_cfg.d  ./bsp/kernel/date_time/d_date_time.d  ./bsp/kernel/crc32/d_crc32.d  ./bsp/kernel/buffer/buffer_cfg.d ./bsp/kernel/buffer/d_buffer.d  ./bsp/driver/imu_iim20670/d_imu_iim20670.d ./bsp/driver/imu_iim20670/imu_iim20670_cfg.d  ./bsp/driver/imu_adis16505/d_imu_adis16505.d ./bsp/driver/imu_adis16505/imu_adis16505_cfg.d  ./bsp/driver/gnss/d_gnss_ublox.d ./bsp/driver/gnss/gnss_ublox_cfg.d  ./bsp/driver/bme280/bme280_cfg.d ./bsp/driver/bme280/d_bme280.d  ./bsp/driver/auav/auav_cfg.d ./bsp/driver/auav/d_auav.d  can_holt.elf.size  can_holt.elf
' '
10:58:33 **** Clean-only build of configuration Debug for project can_holt_system ****
make clean 
rm -rf ./_sds
rm -rf package
rm -f system.bif
